epoch,mean_ret,mean_len,pi_loss,vf_loss,kl,pi_iters,n_episodes,rmse_curve,rmse_line,rmse_hold,elapsed_s
1,-758.1552,250.0,-0.009101,39944.304688,0.016017,5,8,4.3576,nan,nan,9.60
2,-704.4211,250.0,-0.015099,27915.123047,0.015016,27,8,4.0409,nan,nan,5.79
3,-599.0484,250.0,-0.015366,17477.218750,0.015090,24,8,3.4696,nan,nan,5.59
4,-510.7742,250.0,-0.009578,9813.600586,0.016589,9,8,2.9722,nan,nan,5.53
5,-501.3829,250.0,-0.009426,8981.167969,0.017902,8,8,2.8887,nan,nan,5.54
6,-570.4214,250.0,-0.009180,11790.353516,0.016853,9,8,3.3498,nan,nan,5.57
7,-541.8330,250.0,-0.025435,11522.030273,0.012525,80,8,3.2986,nan,nan,5.96
8,-491.2796,250.0,-0.006793,9212.218750,0.016295,9,8,3.2146,nan,nan,5.78
9,-506.3181,250.0,-0.007112,7005.685059,0.015086,6,8,3.1624,nan,nan,5.69
10,-462.2718,250.0,-0.007262,4750.882812,0.015411,5,8,2.8648,nan,nan,5.47
11,-451.9366,250.0,-0.007109,4425.091797,0.016244,6,8,2.8210,nan,nan,5.60
12,-406.0971,250.0,-0.008766,2456.372803,0.017339,7,8,2.4931,nan,nan,5.56
13,-384.5172,250.0,-0.009865,2307.047852,0.018782,7,8,2.3017,nan,nan,5.47
14,-379.2162,250.0,-0.004738,1994.240234,0.015835,6,8,2.3908,nan,nan,5.51
15,-304.3112,250.0,-0.016893,907.395264,0.015136,31,8,1.8339,nan,nan,5.69
16,-320.4653,250.0,-0.007824,1004.045471,0.015915,10,8,1.9838,nan,nan,5.49
17,-318.0664,250.0,-0.006888,1016.401855,0.015238,7,8,2.0042,nan,nan,5.58
18,-396.1002,250.0,-0.009292,2205.141357,0.015124,15,8,2.4809,nan,nan,5.65
19,-339.5379,250.0,-0.010199,1526.206787,0.015028,15,8,2.0572,nan,nan,5.60
20,-346.2231,250.0,-0.009379,1493.013306,0.015828,10,8,2.2580,nan,nan,5.89
21,-334.8348,250.0,-0.005331,1255.731079,0.017106,7,8,2.0345,nan,nan,5.91
22,-323.0132,250.0,-0.014608,970.312134,0.015182,23,8,2.0642,nan,nan,5.92
23,-331.6211,250.0,-0.005747,1108.758667,0.015067,8,8,2.1640,nan,nan,6.23
24,-305.9951,250.0,-0.008064,887.590088,0.016762,8,8,1.8995,nan,nan,5.96
25,-309.7239,250.0,-0.005213,946.088989,0.018662,7,8,2.0611,nan,nan,5.81
26,-266.9462,250.0,-0.005537,559.805847,0.017767,7,8,1.5500,nan,nan,5.88
27,-318.2274,250.0,-0.005700,924.791260,0.017460,7,8,2.1144,nan,nan,6.01
28,-285.1192,250.0,-0.020704,850.949341,0.015147,41,8,1.9929,nan,nan,6.08
29,-277.1330,250.0,-0.007164,647.601196,0.015453,9,8,1.8573,nan,nan,5.79
30,-306.2246,250.0,-0.013865,854.690674,0.015022,21,8,2.0033,nan,nan,6.08
31,-266.8372,250.0,-0.023171,607.455383,0.015108,49,8,1.7060,nan,nan,6.53
32,-286.3760,250.0,-0.007142,900.077454,0.018707,8,8,2.0466,nan,nan,6.05
33,-248.1613,250.0,-0.008577,423.612183,0.015669,12,8,1.6486,nan,nan,5.65
34,-243.5667,250.0,-0.006838,452.797333,0.017094,7,8,1.5459,nan,nan,5.71
35,-226.3759,250.0,-0.006621,357.291260,0.015310,7,8,1.4206,nan,nan,5.80
36,-268.1680,250.0,-0.005672,544.534668,0.016177,5,8,1.7632,nan,nan,5.57
37,-236.9622,250.0,-0.005762,434.784973,0.016234,10,8,1.5175,nan,nan,6.20
38,-232.5382,250.0,-0.009799,430.329224,0.016142,10,8,1.4246,nan,nan,5.85
39,-245.1635,250.0,-0.006668,510.129303,0.015373,11,8,1.7447,nan,nan,5.69
40,-252.1997,250.0,-0.013322,423.522339,0.015431,19,8,2.0017,nan,nan,5.59
41,-288.8053,250.0,-0.005322,642.720276,0.017264,5,8,2.1836,nan,nan,5.50
42,-230.0015,250.0,-0.008153,355.382935,0.015644,16,8,1.5575,nan,nan,5.60
43,-245.6016,250.0,-0.007200,440.738220,0.015197,10,8,1.7958,nan,nan,5.70
44,-227.4743,250.0,-0.006981,307.636047,0.015615,7,8,1.5260,nan,nan,5.57
45,-215.5199,250.0,-0.007638,353.214508,0.015964,6,8,1.5187,nan,nan,5.69
46,-261.3535,250.0,-0.005902,646.521057,0.015403,7,8,1.9989,nan,nan,5.74
47,-222.8077,250.0,-0.006669,355.543884,0.015764,9,8,1.5963,nan,nan,5.62
48,-257.1907,250.0,-0.005984,426.232941,0.018362,6,8,1.8843,nan,nan,5.92
49,-226.4075,250.0,-0.005194,375.786041,0.016260,5,8,1.5659,nan,nan,5.52
50,-269.2908,250.0,-0.003888,512.018860,0.015696,7,8,1.9585,nan,nan,5.59
51,-213.6553,250.0,-0.027183,352.913940,0.015022,64,8,1.4482,nan,nan,6.39
52,-272.1090,250.0,-0.009770,482.371490,0.015902,10,8,2.0021,nan,nan,7.59
53,-219.5611,250.0,-0.012267,401.301941,0.015255,11,8,1.6284,nan,nan,5.99
54,-201.3440,250.0,-0.030717,267.764221,0.010948,80,8,1.4307,nan,nan,5.99
55,-209.9090,250.0,-0.010243,275.078735,0.015961,10,8,1.4623,nan,nan,5.71
56,-182.5155,250.0,-0.005775,195.959610,0.015312,7,8,1.3376,nan,nan,5.87
57,-235.7968,250.0,-0.008035,380.390869,0.015223,13,8,1.8680,nan,nan,6.00
58,-228.1034,250.0,-0.010683,267.105682,0.015345,8,8,1.6047,nan,nan,5.82
59,-198.5850,250.0,-0.028309,217.951431,0.011119,80,8,1.3944,nan,nan,5.94
60,-210.4670,250.0,-0.030076,245.682190,0.011920,80,8,1.5365,nan,nan,6.31
61,-189.5265,250.0,-0.005576,211.242996,0.016538,5,8,1.3609,nan,nan,6.18
62,-201.1772,250.0,-0.003971,215.559967,0.015426,4,8,1.4935,nan,nan,5.64
63,-217.8190,250.0,-0.004438,299.750763,0.016324,5,8,1.5190,nan,nan,5.53
64,-197.0386,250.0,-0.017662,216.469986,0.015117,40,8,1.4892,nan,nan,5.83
65,-200.0495,250.0,-0.008933,261.187256,0.018001,7,8,1.4588,nan,nan,5.50
66,-224.5539,250.0,-0.006723,282.771851,0.016367,8,8,1.7953,nan,nan,5.63
67,-179.1061,250.0,-0.005671,168.568436,0.015885,6,8,1.2333,nan,nan,5.61
68,-194.9953,250.0,-0.006842,179.979279,0.017013,8,8,1.4046,nan,nan,5.55
69,-174.2303,250.0,-0.007986,178.876495,0.015038,8,8,1.3109,nan,nan,5.62
70,-189.5233,250.0,-0.009201,167.263504,0.015015,9,8,1.3797,nan,nan,6.00
71,-182.2926,250.0,-0.005695,170.782150,0.018968,4,8,1.3768,nan,nan,5.43
72,-210.4634,250.0,-0.031142,177.014984,0.012942,80,8,1.6164,nan,nan,5.73
73,-181.6004,250.0,-0.006797,153.000168,0.015686,6,8,1.3347,nan,nan,5.43
74,-156.9435,250.0,-0.006917,126.867981,0.015721,8,8,1.1031,nan,nan,5.52
75,-190.9815,250.0,-0.006286,165.040405,0.015178,8,8,1.4767,nan,nan,5.78
76,-222.9701,250.0,-0.006358,271.661804,0.015850,7,8,1.8301,nan,nan,5.64
77,-199.2556,250.0,-0.005044,217.594345,0.016125,6,8,1.5775,nan,nan,5.72
78,-203.7761,250.0,-0.007032,207.394669,0.015506,7,8,1.5897,nan,nan,5.89
79,-187.4527,250.0,-0.003759,166.458878,0.015863,4,8,1.4090,nan,nan,5.69
80,-176.0484,250.0,-0.010455,146.236572,0.015133,14,8,1.2740,nan,nan,5.58
81,-168.5986,250.0,-0.007711,108.667038,0.015185,9,8,1.1438,nan,nan,5.41
82,-194.2359,250.0,-0.007670,208.479279,0.015072,6,8,1.5209,nan,nan,5.55
83,-167.7457,250.0,-0.004194,133.360489,0.016678,6,8,1.2581,nan,nan,5.54
84,-257.2316,250.0,-0.009604,3178.479492,0.018034,7,8,2.3954,nan,nan,5.51
85,-185.4417,250.0,-0.006101,186.626038,0.015267,6,8,1.4317,nan,nan,5.52
86,-176.3959,250.0,-0.005762,146.415253,0.016199,6,8,1.3564,nan,nan,5.64
87,-183.5388,250.0,-0.006122,164.066864,0.016213,7,8,1.4681,nan,nan,5.44
88,-165.2793,250.0,-0.007595,122.397316,0.015214,11,8,1.1647,nan,nan,5.59
89,-186.9598,250.0,-0.030298,152.782257,0.011271,80,8,1.5052,nan,nan,6.09
90,-167.6726,250.0,-0.007517,124.621864,0.015879,6,8,1.2340,nan,nan,5.66
91,-163.5823,250.0,-0.027128,104.279762,0.014212,80,8,1.2112,nan,nan,5.97
92,-182.1629,250.0,-0.006428,146.863586,0.015374,7,8,1.4821,nan,nan,5.44
93,-208.5920,250.0,-0.004186,156.533173,0.016979,6,8,1.6294,nan,nan,5.65
94,-158.2147,250.0,-0.026944,98.273964,0.015007,68,8,1.2006,nan,nan,5.95
95,-203.9012,250.0,-0.025589,876.296265,0.015003,62,8,1.7260,nan,nan,6.24
96,-159.1656,250.0,-0.015720,101.769783,0.015203,22,8,1.2497,nan,nan,5.65
97,-167.7721,250.0,-0.016820,136.809235,0.015283,19,8,1.2802,nan,nan,5.92
98,-191.1135,250.0,-0.023367,135.894409,0.015032,54,8,1.6675,nan,nan,5.61
99,-156.6604,250.0,-0.028446,115.690079,0.011868,80,8,1.2342,nan,nan,5.61
100,-168.3904,250.0,-0.007761,121.339561,0.015369,7,8,1.3066,nan,nan,5.69
101,-183.3323,250.0,-0.004924,154.258209,0.015937,4,8,1.4502,nan,nan,5.41
102,-455.2877,250.0,-0.032352,59682.683594,0.003942,80,8,4.3885,nan,nan,5.76
103,-197.9318,250.0,-0.007772,217.438049,0.019782,5,8,1.5287,nan,nan,5.79
104,-149.9843,250.0,-0.010630,130.823914,0.015030,14,8,1.3084,nan,nan,5.63
105,-163.1766,250.0,-0.003333,142.370270,0.016990,5,8,1.3006,nan,nan,5.64
106,-185.4531,250.0,-0.008008,159.797745,0.017045,6,8,1.4902,nan,nan,6.05
107,-257.4919,250.0,-0.004839,4847.443359,0.015627,4,8,2.4348,nan,nan,5.94
108,-163.8866,250.0,-0.003623,147.505798,0.018721,4,8,1.3039,nan,nan,5.81
109,-178.2165,250.0,-0.006477,167.708740,0.015906,10,8,1.4335,nan,nan,5.95
110,-160.7460,250.0,-0.003051,132.318970,0.016415,4,8,1.2866,nan,nan,5.79
111,-147.6424,250.0,-0.017802,119.779358,0.015122,23,8,1.1305,nan,nan,5.66
112,-300.0547,250.0,-0.010654,13196.551758,0.016574,7,8,3.0394,nan,nan,5.76
113,-153.4324,250.0,-0.015877,172.313675,0.015099,20,8,1.2689,nan,nan,5.71
114,-156.1466,250.0,-0.004869,145.609085,0.015791,5,8,1.2422,nan,nan,5.82
115,-166.2816,250.0,-0.011062,206.266541,0.015276,15,8,1.3632,nan,nan,5.58
116,-174.8687,250.0,-0.025669,178.121887,0.015106,67,8,1.3929,nan,nan,5.69
117,-127.9787,250.0,-0.027105,97.686874,0.014489,80,8,0.9110,nan,nan,5.82
118,-164.8393,250.0,-0.029639,148.345154,0.011885,80,8,1.4268,nan,nan,5.80
119,-124.3248,250.0,-0.025918,78.719154,0.015538,67,8,0.8332,nan,nan,5.91
120,-181.1349,250.0,-0.023144,165.726608,0.015115,34,8,1.5295,nan,nan,6.08
121,-163.9768,250.0,-0.005934,133.199066,0.018476,4,8,1.3611,nan,nan,5.73
122,-142.3128,250.0,-0.004620,113.019814,0.017389,5,8,1.2061,nan,nan,5.63
123,-143.8460,250.0,-0.005047,97.357834,0.018204,4,8,1.1490,nan,nan,5.53
124,-141.6597,250.0,-0.003646,91.472000,0.017800,6,8,1.1529,nan,nan,5.81
125,-740.0496,250.0,-0.005274,122207.351562,0.017175,4,8,6.1417,nan,nan,5.59
126,-148.8757,250.0,-0.005758,134.478271,0.019438,4,8,1.2578,nan,nan,5.84
127,-147.5150,250.0,-0.003150,112.036781,0.015274,4,8,1.2493,nan,nan,5.55
128,-155.1388,250.0,-0.006260,122.323692,0.016574,7,8,1.2909,nan,nan,5.51
129,-159.2543,250.0,-0.014449,143.462524,0.016029,20,8,1.4306,nan,nan,6.01
130,-147.7967,250.0,-0.010218,103.662537,0.017218,9,8,1.2757,nan,nan,5.59
131,-169.0605,250.0,-0.005013,119.488945,0.015010,6,8,1.4581,nan,nan,5.84
132,-162.4826,250.0,-0.006075,144.697876,0.018757,6,8,1.4223,nan,nan,5.60
133,-145.5688,250.0,-0.005538,84.954720,0.015574,9,8,1.3023,nan,nan,5.51
134,-128.1319,250.0,-0.028616,82.130745,0.015049,61,8,1.0121,nan,nan,5.76
135,-146.0118,250.0,-0.007966,96.181061,0.016946,6,8,1.2456,nan,nan,5.54
136,-164.0339,250.0,-0.004330,120.684982,0.016706,4,8,1.4797,nan,nan,5.98
137,-153.2745,250.0,-0.006761,97.532021,0.015117,8,8,1.3333,nan,nan,5.37
138,-431.5461,250.0,-0.006076,53919.640625,0.017517,5,8,4.3912,nan,nan,5.50
139,-173.8372,250.0,-0.007119,323.021637,0.017362,7,8,1.7866,nan,nan,5.59
140,-123.3332,250.0,-0.004635,81.496078,0.015714,5,8,0.9830,nan,nan,5.57
141,-310.7845,250.0,-0.006347,20828.908203,0.016167,4,8,3.4879,nan,nan,5.67
142,-156.3909,250.0,-0.008593,151.699768,0.016978,11,8,1.3963,nan,nan,5.80
143,-128.2461,250.0,-0.025594,90.322342,0.010351,80,8,1.0676,nan,nan,5.80
144,-148.1899,250.0,-0.014452,116.300858,0.015852,25,8,1.2721,nan,nan,5.49
145,-263.3086,250.0,-0.007127,8174.867676,0.017287,5,8,3.0024,nan,nan,5.57
146,-154.0123,250.0,-0.004690,198.878036,0.021515,4,8,1.3518,nan,nan,5.38
147,-170.7386,250.0,-0.018007,148.662750,0.015425,31,8,1.5872,nan,nan,5.57
148,-151.2744,250.0,-0.009578,146.358765,0.015150,9,8,1.3347,nan,nan,5.36
149,-146.8774,250.0,-0.031071,137.871552,0.013672,80,8,1.2786,nan,nan,5.98
150,-128.1680,250.0,-0.006425,88.641174,0.016222,6,8,1.1293,nan,nan,5.88
