epoch,mean_ret,mean_len,pi_loss,vf_loss,kl,pi_iters,n_episodes,rmse_curve,rmse_line,rmse_hold,elapsed_s
1,-2315.7707,442.4,-0.010165,178934.671875,0.016240,9,5,nan,7.5767,nan,21.68
2,-2597.0061,446.9,-0.008327,193680.656250,0.015879,10,10,nan,10.3159,nan,18.69
3,-2257.0619,477.1,-0.008397,115304.179688,0.017035,11,9,nan,8.4256,nan,18.86
4,-2174.2966,501.0,-0.007458,97034.242188,0.016194,12,8,nan,6.3849,nan,19.35
5,-2171.3541,481.2,-0.009375,100514.140625,0.016201,11,8,nan,8.9911,nan,19.32
6,-2074.6889,501.0,-0.006416,83531.265625,0.015725,9,8,nan,6.1496,nan,18.44
7,-2047.4986,488.1,-0.008510,72003.875000,0.015226,15,8,nan,11.5878,nan,18.13
8,-1725.8961,501.0,-0.005806,48145.742188,0.015391,14,8,nan,5.5474,nan,18.44
9,-1719.8488,501.0,-0.006599,50197.273438,0.015037,13,8,nan,5.7102,nan,18.28
10,-1602.0832,501.0,-0.006170,43029.832031,0.015257,12,8,nan,5.3222,nan,18.26
11,-1586.3642,501.0,-0.006136,37799.929688,0.015448,14,8,nan,5.4135,nan,18.41
12,-1627.8722,501.0,-0.007133,44774.625000,0.016721,11,8,nan,5.6102,nan,18.46
13,-1489.4503,501.0,-0.007066,30861.740234,0.015519,13,8,nan,5.0578,nan,18.54
14,-1536.0694,501.0,-0.008923,30215.078125,0.015015,20,8,nan,5.4781,nan,18.51
15,-1535.4690,501.0,-0.006552,33148.671875,0.015102,8,8,nan,5.4976,nan,18.53
16,-1577.3914,501.0,-0.006966,30416.494141,0.015245,15,8,nan,5.1199,nan,18.65
17,-1577.5488,501.0,-0.007723,29309.320312,0.015757,14,8,nan,5.2093,nan,18.34
18,-1436.0933,501.0,-0.007708,23049.652344,0.016211,14,8,nan,4.8890,nan,18.89
19,-1368.5505,501.0,-0.005827,19380.978516,0.016041,12,8,nan,5.1107,nan,19.35
20,-1370.0900,501.0,-0.006537,16353.685547,0.016991,11,8,nan,4.7029,nan,19.22
21,-1313.9014,501.0,-0.005675,16019.843750,0.016136,10,8,nan,4.4915,nan,18.65
22,-1285.9661,501.0,-0.017668,11429.873047,0.011099,80,8,nan,4.3549,nan,18.51
23,-1269.9748,501.0,-0.006372,14057.718750,0.015642,9,8,nan,4.6561,nan,18.09
24,-1216.9611,501.0,-0.004981,10634.792969,0.015266,13,8,nan,4.1847,nan,18.02
25,-1190.9358,501.0,-0.005728,11582.763672,0.017169,9,8,nan,4.3887,nan,18.32
26,-1239.9165,501.0,-0.006912,11331.355469,0.015443,13,8,nan,4.3590,nan,17.80
27,-1289.6679,501.0,-0.018798,11963.790039,0.013032,80,8,nan,4.5755,nan,18.33
28,-1223.9329,501.0,-0.006848,9169.013672,0.016066,9,8,nan,4.6424,nan,18.04
29,-1157.4956,501.0,-0.013757,7540.107910,0.015019,38,8,nan,4.1539,nan,18.38
30,-1085.9289,501.0,-0.006267,6665.543945,0.017940,8,8,nan,3.9721,nan,18.10
31,-1148.6960,501.0,-0.004972,6742.319824,0.017018,8,8,nan,3.9521,nan,18.39
32,-1095.5439,501.0,-0.004186,6125.260742,0.015116,9,8,nan,4.1519,nan,18.10
33,-1151.3682,501.0,-0.005466,6005.326660,0.015393,10,8,nan,4.1299,nan,18.93
34,-1072.7906,501.0,-0.005604,5427.823242,0.015541,8,8,nan,3.8759,nan,19.19
35,-1106.0170,501.0,-0.004746,4914.532227,0.016501,9,8,nan,4.0582,nan,18.34
36,-1147.1140,501.0,-0.009777,10197.031250,0.015025,28,8,nan,4.0799,nan,18.70
37,-1053.9993,501.0,-0.005871,3709.920898,0.017384,10,8,nan,3.7406,nan,17.93
38,-1018.9874,501.0,-0.006218,4411.147461,0.015460,9,8,nan,3.7604,nan,18.54
39,-1037.4501,501.0,-0.004548,3528.675781,0.015056,10,8,nan,3.8337,nan,18.12
40,-1048.0759,501.0,-0.006026,3506.973633,0.015590,11,8,nan,3.8331,nan,17.96
41,-1005.4127,501.0,-0.005467,3533.651611,0.016060,10,8,nan,3.6212,nan,18.23
42,-1019.1779,501.0,-0.004687,2510.735596,0.015716,12,8,nan,3.5750,nan,18.19
43,-1034.6645,501.0,-0.005989,4191.462402,0.016581,12,8,nan,4.1044,nan,18.03
44,-960.6270,501.0,-0.004677,2799.138672,0.016947,8,8,nan,3.6061,nan,18.03
45,-968.0346,501.0,-0.004163,2837.837891,0.017362,8,8,nan,3.4797,nan,17.89
46,-996.3479,501.0,-0.005278,2842.157471,0.016590,9,8,nan,3.8280,nan,18.22
47,-965.5677,501.0,-0.004787,2870.680664,0.016228,9,8,nan,3.7099,nan,18.36
48,-958.6092,501.0,-0.005673,2153.429688,0.016310,10,8,nan,3.4913,nan,19.04
49,-947.8349,501.0,-0.005770,3355.286621,0.015747,12,8,nan,3.6167,nan,19.33
50,-931.8211,501.0,-0.007433,2529.548828,0.016123,12,8,nan,3.3488,nan,18.17
51,-982.2333,501.0,-0.007485,3417.492432,0.016607,10,8,nan,3.5535,nan,18.29
52,-941.1608,501.0,-0.005789,2119.986084,0.017661,9,8,nan,3.3468,nan,18.14
53,-920.7457,501.0,-0.013227,2759.055664,0.015108,36,8,nan,3.1501,nan,18.20
54,-922.7554,501.0,-0.005634,2400.797363,0.016083,9,8,nan,3.2058,nan,17.92
55,-868.6082,501.0,-0.004706,2417.235107,0.016520,9,8,nan,3.0308,nan,18.06
56,-912.7352,501.0,-0.004561,2106.614502,0.015909,11,8,nan,3.1961,nan,18.02
57,-921.3672,501.0,-0.004546,2261.513184,0.015744,9,8,nan,3.5061,nan,18.20
58,-912.3035,501.0,-0.006340,2019.246948,0.015234,11,8,nan,3.1938,nan,18.04
59,-871.8856,501.0,-0.005336,2688.836426,0.016965,9,8,nan,3.0349,nan,17.98
60,-869.9156,501.0,-0.006211,2602.956543,0.018902,7,8,nan,3.1429,nan,18.10
61,-898.1463,501.0,-0.004774,3376.979980,0.016269,9,8,nan,2.9920,nan,18.12
62,-904.1933,501.0,-0.005628,2409.679932,0.015577,8,8,nan,3.3146,nan,18.33
63,-883.3745,501.0,-0.006361,2177.719238,0.015738,13,8,nan,3.2760,nan,18.97
64,-895.5731,501.0,-0.004448,2001.588013,0.016467,10,8,nan,2.9101,nan,18.63
65,-926.0127,501.0,-0.004272,2755.615479,0.015484,7,8,nan,3.5005,nan,18.03
66,-895.6029,501.0,-0.004645,2523.835938,0.015713,10,8,nan,3.1806,nan,17.92
67,-906.0667,501.0,-0.004605,2379.143555,0.015492,9,8,nan,3.3709,nan,18.69
68,-889.1612,501.0,-0.004077,2622.183105,0.017048,10,8,nan,3.2559,nan,18.36
69,-860.2365,501.0,-0.005254,2169.783691,0.016221,10,8,nan,3.1177,nan,18.14
70,-801.7555,501.0,-0.005125,1958.123535,0.016365,12,8,nan,2.8181,nan,17.73
71,-812.8363,501.0,-0.005692,1827.586792,0.016559,9,8,nan,2.8868,nan,17.78
72,-850.8563,501.0,-0.004429,2085.507812,0.016302,10,8,nan,3.1141,nan,18.21
73,-873.1404,501.0,-0.004862,2216.863525,0.015253,11,8,nan,3.0709,nan,18.07
74,-818.0556,501.0,-0.006008,1990.070923,0.016033,9,8,nan,2.9682,nan,17.98
75,-778.9562,501.0,-0.004381,1692.201782,0.015535,11,8,nan,2.7570,nan,17.80
76,-777.8940,501.0,-0.004696,1760.951782,0.016986,10,8,nan,2.7887,nan,18.01
77,-789.0844,501.0,-0.004463,1683.947144,0.015503,8,8,nan,2.7414,nan,18.61
78,-797.5388,501.0,-0.004823,1884.546753,0.016401,9,8,nan,2.9182,nan,18.79
79,-797.0240,501.0,-0.005442,1567.416016,0.015043,11,8,nan,2.6985,nan,18.36
80,-795.3420,501.0,-0.004916,1425.769531,0.015616,9,8,nan,2.6208,nan,18.84
81,-798.3043,501.0,-0.003998,1584.961548,0.016493,11,8,nan,2.8015,nan,17.94
82,-780.8822,501.0,-0.004209,1613.123657,0.015142,9,8,nan,2.5543,nan,18.48
83,-826.2529,501.0,-0.005912,1754.369019,0.015243,9,8,nan,3.0220,nan,18.47
84,-783.1235,501.0,-0.005028,1919.956421,0.016443,10,8,nan,2.5636,nan,18.01
85,-743.7379,501.0,-0.004158,1673.306274,0.015144,10,8,nan,2.7036,nan,17.91
86,-803.0728,501.0,-0.006591,1811.871094,0.017552,10,8,nan,2.8438,nan,18.55
87,-755.0458,501.0,-0.005172,1596.020264,0.016575,10,8,nan,2.6616,nan,18.03
88,-762.3681,501.0,-0.005836,1468.265747,0.016012,12,8,nan,2.7191,nan,18.94
89,-784.3319,501.0,-0.005604,2018.514771,0.016545,11,8,nan,2.9136,nan,18.20
90,-805.6106,501.0,-0.005584,1741.208740,0.015478,12,8,nan,2.8464,nan,18.21
91,-780.5884,501.0,-0.003875,1887.639038,0.015126,6,8,nan,2.6466,nan,18.08
92,-760.0918,501.0,-0.011712,1856.844971,0.015174,32,8,nan,2.6589,nan,18.85
93,-779.9161,501.0,-0.005078,1536.218140,0.016970,9,8,nan,2.8357,nan,18.90
94,-745.5852,501.0,-0.004382,1337.254150,0.017107,10,8,nan,2.5817,nan,17.99
95,-734.3259,501.0,-0.005762,1649.326660,0.015485,9,8,nan,2.6231,nan,17.83
96,-731.8621,501.0,-0.005117,1452.446289,0.017667,8,8,nan,2.6757,nan,18.10
97,-754.8677,501.0,-0.003947,1730.027710,0.016723,7,8,nan,2.5953,nan,17.99
98,-704.8733,501.0,-0.012462,1369.000610,0.015036,43,8,nan,2.4049,nan,18.47
99,-699.9382,501.0,-0.007405,1434.090088,0.015297,15,8,nan,2.4062,nan,18.26
100,-691.6286,501.0,-0.005125,1406.122559,0.015295,14,8,nan,2.2928,nan,18.30
101,-718.8059,501.0,-0.005296,1580.694702,0.015467,9,8,nan,2.6800,nan,17.98
102,-764.3095,501.0,-0.003757,1811.353027,0.015458,8,8,nan,2.6357,nan,17.88
103,-714.2127,501.0,-0.004372,1395.085205,0.015246,11,8,nan,2.6137,nan,18.20
104,-701.7870,501.0,-0.006103,1491.539429,0.015741,9,8,nan,2.7599,nan,18.14
105,-719.9032,501.0,-0.004014,1391.506714,0.016515,8,8,nan,2.5695,nan,18.12
106,-717.2301,501.0,-0.008652,1629.826050,0.015339,18,8,nan,2.5582,nan,18.68
107,-728.1112,501.0,-0.006222,1312.136475,0.015791,12,8,nan,2.4819,nan,18.71
108,-707.2530,501.0,-0.004353,1555.399414,0.016415,9,8,nan,2.3982,nan,19.05
109,-693.2927,501.0,-0.003781,1413.641602,0.015391,8,8,nan,2.4772,nan,18.05
110,-675.6533,501.0,-0.006339,1518.818237,0.015011,15,8,nan,2.3318,nan,17.77
111,-713.3852,501.0,-0.003933,1071.151611,0.015245,10,8,nan,2.4860,nan,17.95
112,-662.5644,501.0,-0.003875,1234.413818,0.015496,10,8,nan,2.3176,nan,18.24
113,-655.5474,501.0,-0.012171,1211.060791,0.015061,35,8,nan,2.3297,nan,17.95
114,-682.2513,501.0,-0.003631,1211.062866,0.015066,9,8,nan,2.5561,nan,17.94
115,-660.2103,501.0,-0.005830,1101.563354,0.015692,12,8,nan,2.3944,nan,17.94
116,-670.1163,501.0,-0.005604,1201.677246,0.015411,10,8,nan,2.2593,nan,19.76
117,-671.6586,501.0,-0.005195,1166.896362,0.015104,10,8,nan,2.2784,nan,18.78
118,-637.2141,501.0,-0.003332,1048.337036,0.015865,8,8,nan,2.1200,nan,17.89
119,-641.2186,501.0,-0.003972,1200.549561,0.017068,9,8,nan,2.2679,nan,18.03
120,-628.3709,501.0,-0.003232,1090.619019,0.016594,9,8,nan,2.1903,nan,17.95
121,-627.0463,501.0,-0.004413,1076.696045,0.015334,8,8,nan,2.1812,nan,18.56
122,-636.2306,501.0,-0.002255,1188.438477,0.016324,8,8,nan,2.3827,nan,18.60
123,-655.0168,501.0,-0.005082,1101.851440,0.015388,9,8,nan,2.3252,nan,19.19
124,-628.0840,501.0,-0.004120,973.764160,0.015154,9,8,nan,2.2355,nan,18.03
125,-630.3978,501.0,-0.005042,1169.274048,0.015637,14,8,nan,2.4751,nan,17.79
126,-640.9860,501.0,-0.005207,1094.130859,0.016210,12,8,nan,2.2885,nan,18.10
127,-651.1126,501.0,-0.005067,1015.980286,0.016375,9,8,nan,2.5038,nan,17.90
128,-634.4202,501.0,-0.004786,1262.961548,0.015183,12,8,nan,2.4187,nan,18.73
129,-679.2560,501.0,-0.003122,1163.240356,0.015360,10,8,nan,2.5938,nan,18.07
130,-620.0084,501.0,-0.003795,1101.395142,0.017753,8,8,nan,2.1931,nan,17.84
131,-634.3779,501.0,-0.005049,1246.790039,0.016882,9,8,nan,2.0787,nan,18.10
132,-610.4856,501.0,-0.004674,1295.300293,0.015375,7,8,nan,2.0517,nan,18.06
133,-624.9278,501.0,-0.002924,1025.629150,0.015487,8,8,nan,2.1632,nan,18.35
134,-610.3557,501.0,-0.003975,919.643555,0.017071,7,8,nan,2.1406,nan,18.20
135,-604.8287,501.0,-0.006052,1011.916687,0.015280,14,7,nan,1.9798,nan,18.04
136,-616.4480,501.0,-0.004939,1022.317078,0.015677,13,8,nan,2.1215,nan,18.80
137,-615.0408,501.0,-0.005202,1016.057251,0.015581,13,7,nan,2.0185,nan,19.04
138,-615.8805,501.0,-0.004419,963.420532,0.015621,10,8,nan,2.1225,nan,18.08
139,-580.3651,501.0,-0.003937,873.523438,0.015158,10,8,nan,1.9888,nan,18.05
140,-619.1205,501.0,-0.007508,1059.849976,0.015588,19,8,nan,2.1016,nan,18.09
141,-614.8256,501.0,-0.004723,848.444763,0.015990,9,8,nan,2.2615,nan,17.88
142,-622.4783,501.0,-0.005310,845.615356,0.015476,12,8,nan,2.2275,nan,17.88
143,-578.1472,501.0,-0.003907,865.964294,0.018609,7,8,nan,1.9863,nan,18.27
144,-595.4055,501.0,-0.004170,1033.113525,0.015699,10,8,nan,2.2542,nan,18.17
145,-591.2230,501.0,-0.003916,473.768951,0.017369,9,8,nan,1.9094,nan,18.54
146,-590.5821,501.0,-0.018495,577.425659,0.013952,80,8,nan,2.0405,nan,18.96
147,-579.0771,501.0,-0.017032,426.039948,0.014765,80,7,nan,2.0733,nan,18.54
148,-558.7600,501.0,-0.004999,398.195251,0.015770,11,8,nan,1.7890,nan,18.11
149,-582.5503,501.0,-0.016408,427.009796,0.010512,80,8,nan,2.0830,nan,19.14
150,-531.1424,501.0,-0.009735,373.946045,0.015015,23,8,nan,1.6857,nan,18.27
151,-525.6272,501.0,-0.016720,453.908386,0.014199,80,8,nan,2.0153,nan,19.09
152,-535.9261,501.0,-0.012354,442.573639,0.015167,33,8,nan,1.7301,nan,18.72
153,-549.7044,501.0,-0.013929,409.423126,0.015011,72,8,nan,1.8819,nan,18.17
154,-500.8679,501.0,-0.018848,420.176849,0.009334,80,8,nan,1.7525,nan,18.11
155,-491.6012,501.0,-0.015126,354.977936,0.015079,59,8,nan,1.6126,nan,18.74
156,-480.8470,501.0,-0.006894,320.884796,0.015619,11,8,nan,1.5452,nan,18.30
157,-492.2791,501.0,-0.005371,346.301697,0.015774,7,8,nan,1.6759,nan,18.00
158,-472.6466,501.0,-0.012078,327.941193,0.015004,40,8,nan,1.7268,nan,18.32
159,-529.5199,501.0,-0.015958,394.532684,0.015026,78,8,nan,1.7839,nan,18.15
160,-474.8395,501.0,-0.004235,312.686035,0.015225,10,8,nan,1.4827,nan,18.34
161,-496.2167,501.0,-0.005673,346.901581,0.015781,9,8,nan,1.7010,nan,17.76
162,-470.6582,501.0,-0.004940,265.873932,0.016867,8,8,nan,1.4236,nan,17.84
163,-492.8755,501.0,-0.014459,288.456757,0.009857,80,8,nan,1.5995,nan,17.97
164,-469.8326,501.0,-0.015824,348.679352,0.015011,47,8,nan,1.6504,nan,17.99
165,-425.7037,501.0,-0.015149,226.422592,0.015071,78,8,nan,1.3514,nan,18.50
166,-430.9651,501.0,-0.011671,275.294464,0.015044,30,8,nan,1.3587,nan,18.87
167,-439.1014,501.0,-0.018426,232.645569,0.010238,80,8,nan,1.6166,nan,18.46
168,-456.6001,501.0,-0.012301,329.978088,0.015160,30,8,nan,1.5674,nan,17.97
169,-428.3001,501.0,-0.014037,221.990280,0.010659,80,8,nan,1.3596,nan,18.54
170,-415.2252,501.0,-0.010472,216.051529,0.015604,30,8,nan,1.3036,nan,18.13
171,-414.6795,501.0,-0.016989,250.599426,0.014034,80,8,nan,1.3668,nan,18.27
172,-427.3849,501.0,-0.012428,233.174820,0.015066,60,8,nan,1.5608,nan,18.28
173,-393.7950,501.0,-0.005384,196.786911,0.017364,6,8,nan,1.1998,nan,17.66
174,-408.7207,501.0,-0.003490,226.122375,0.018423,6,8,nan,1.3618,nan,17.86
175,-374.7289,501.0,-0.004659,198.884964,0.015472,8,8,nan,1.2104,nan,17.90
176,-408.6950,501.0,-0.017664,225.202026,0.012990,80,8,nan,1.3141,nan,18.82
177,-389.6145,501.0,-0.004770,174.857788,0.015347,7,8,nan,1.1737,nan,18.05
178,-379.6654,501.0,-0.004484,241.832535,0.015558,7,8,nan,1.2801,nan,17.98
179,-382.1071,501.0,-0.003475,175.287643,0.015631,8,8,nan,1.2458,nan,19.12
180,-403.7145,501.0,-0.015977,211.060135,0.008218,80,8,nan,1.2894,nan,19.32
181,-381.4976,501.0,-0.010391,192.193405,0.015406,27,8,nan,1.2621,nan,18.83
182,-386.0176,501.0,-0.016993,175.925140,0.015065,77,8,nan,1.2479,nan,18.50
183,-378.5764,501.0,-0.013431,173.701096,0.008552,80,8,nan,1.2568,nan,18.40
184,-373.5910,501.0,-0.004736,151.587936,0.015161,9,8,nan,1.1099,nan,17.77
185,-367.4411,501.0,-0.005112,144.426956,0.016448,8,8,nan,1.1496,nan,18.61
186,-361.8700,501.0,-0.003955,160.841003,0.015684,7,8,nan,1.2378,nan,17.92
187,-373.4286,501.0,-0.013806,169.992493,0.014618,80,8,nan,1.1822,nan,18.12
188,-357.6293,501.0,-0.005555,144.133881,0.015833,7,8,nan,1.1183,nan,18.72
189,-379.1782,501.0,-0.002506,153.619293,0.015298,5,8,nan,1.1466,nan,18.75
190,-355.2197,501.0,-0.005625,147.125412,0.015255,13,8,nan,1.1708,nan,18.03
191,-349.9166,501.0,-0.016841,129.778625,0.010872,80,8,nan,1.2220,nan,18.04
192,-354.6473,501.0,-0.008703,152.078354,0.015223,16,8,nan,1.1655,nan,17.99
193,-361.7765,501.0,-0.014852,147.456192,0.010324,80,8,nan,1.1874,nan,18.24
194,-333.5392,501.0,-0.004202,138.861877,0.016633,7,8,nan,1.1397,nan,18.15
195,-361.1997,501.0,-0.015649,139.711746,0.009610,80,8,nan,1.0985,nan,19.88
196,-333.3225,501.0,-0.016784,124.417656,0.014690,80,8,nan,1.0837,nan,18.89
197,-339.9840,501.0,-0.004303,141.757446,0.015601,7,8,nan,1.0347,nan,17.85
198,-344.1911,501.0,-0.016504,139.551437,0.011518,80,8,nan,1.1014,nan,18.60
199,-346.6932,501.0,-0.004319,151.724792,0.016492,6,8,nan,1.1525,nan,18.02
200,-332.0954,501.0,-0.015380,118.446793,0.008550,80,8,nan,1.0682,nan,17.89
