INFO:root:tau_ctrl_phi: [ 0.      3.6141  0.0646 -1.6279 -0.0099 -0.671   0.    ]
INFO:root:tau_ctrl_x: [ 0.0439  0.004   0.0389 -0.0081 -0.0055  0.      0.0042]
INFO:root:tau_ctrl_v: [-0.0199 -0.0001 -0.0058 -0.001  -0.0074 -0.0001  0.0044]
INFO:root:tau_ctrl_phi: [ 0.      3.6001  0.0643 -1.6216 -0.0099 -0.6684  0.    ]
INFO:root:tau_ctrl_x: [ 0.0437  0.0234  0.0344 -0.0466 -0.0081 -0.0004  0.002 ]
INFO:root:tau_ctrl_v: [-0.0123 -0.0001 -0.0036 -0.0006 -0.0046 -0.0001  0.0027]
INFO:root:tau_ctrl_phi: [ 0.      3.5863  0.0641 -1.6154 -0.0098 -0.6659  0.    ]
INFO:root:tau_ctrl_x: [ 0.0784  0.0424  0.0651 -0.0833 -0.014  -0.0019  0.0035]
INFO:root:tau_ctrl_v: [-0.015  -0.0001 -0.0044 -0.0008 -0.0056 -0.0001  0.0033]
INFO:root:tau_ctrl_phi: [ 0.      3.6044  0.0644 -1.6235 -0.0099 -0.6692  0.    ]
INFO:root:tau_ctrl_x: [ 0.1346  0.0278  0.1177 -0.0556 -0.0221 -0.0003  0.0069]
INFO:root:tau_ctrl_v: [-0.02   -0.0001 -0.0058 -0.001  -0.0074 -0.0001  0.0044]
INFO:root:tau_ctrl_phi: [ 0.      3.648   0.0652 -1.6431 -0.01   -0.6773  0.    ]
INFO:root:tau_ctrl_x: [-0.0017 -0.0108 -0.0038  0.0173 -0.0019  0.0046 -0.0024]
INFO:root:tau_ctrl_v: [-0.0221 -0.0002 -0.0064 -0.0012 -0.0082 -0.0001  0.0049]
INFO:root:tau_ctrl_phi: [ 0.      3.6412  0.0651 -1.64   -0.01   -0.676   0.    ]
INFO:root:tau_ctrl_x: [ 0.0003  0.0009 -0.001  -0.0057 -0.0018  0.004  -0.002 ]
INFO:root:tau_ctrl_v: [-0.0224 -0.0002 -0.0065 -0.0012 -0.0083 -0.0002  0.005 ]
INFO:root:tau_ctrl_phi: [ 0.      3.6236  0.0648 -1.6321 -0.01   -0.6728  0.    ]
INFO:root:tau_ctrl_x: [ 0.0411  0.0169  0.0321 -0.0341 -0.007   0.0002  0.0027]
INFO:root:tau_ctrl_v: [-0.0398 -0.0003 -0.0116 -0.0021 -0.0148 -0.0003  0.0088]
INFO:root:tau_ctrl_phi: [ 0.      3.6136  0.0646 -1.6276 -0.0099 -0.6709  0.    ]
INFO:root:tau_ctrl_x: [ 0.0495  0.0285  0.0415 -0.0564 -0.0094 -0.0009  0.0014]
INFO:root:tau_ctrl_v: [-0.0401 -0.0003 -0.0117 -0.0021 -0.0149 -0.0003  0.0089]
INFO:root:tau_ctrl_phi: [ 0.      3.6284  0.0648 -1.6343 -0.01   -0.6737  0.    ]
INFO:root:tau_ctrl_x: [ 0.0082  0.0095  0.0116 -0.019  -0.0031 -0.0003 -0.0027]
INFO:root:tau_ctrl_v: [-0.0321 -0.0002 -0.0094 -0.0017 -0.0119 -0.0002  0.0071]
INFO:root:tau_ctrl_phi: [ 0.      3.6328  0.0649 -1.6363 -0.01   -0.6745  0.    ]
INFO:root:tau_ctrl_x: [ 0.0307  0.0037  0.0346 -0.0089 -0.0065  0.0011 -0.002 ]
INFO:root:tau_ctrl_v: [-0.0231 -0.0002 -0.0067 -0.0012 -0.0086 -0.0002  0.0051]
INFO:root:tau_ctrl_phi: [ 0.      3.6376  0.065  -1.6384 -0.01   -0.6754  0.    ]
INFO:root:tau_ctrl_x: [-0.0025 -0.0047  0.0007  0.0066  0.0005  0.0027 -0.0007]
INFO:root:tau_ctrl_v: [-0.0326 -0.0002 -0.0095 -0.0017 -0.0121 -0.0002  0.0072]
INFO:root:tau_ctrl_phi: [ 0.      3.6209  0.0647 -1.6309 -0.0099 -0.6723  0.    ]
INFO:root:tau_ctrl_x: [-0.0039  0.0056  0.0034 -0.0129 -0.0001  0.0013 -0.0025]
INFO:root:tau_ctrl_v: [-0.0262 -0.0002 -0.0076 -0.0014 -0.0097 -0.0002  0.0058]
INFO:root:tau_ctrl_phi: [ 0.      3.5895  0.0642 -1.6168 -0.0099 -0.6665  0.    ]
INFO:root:tau_ctrl_x: [-0.0045  0.0306  0.005  -0.0602 -0.0004 -0.0017 -0.0033]
INFO:root:tau_ctrl_v: [-0.025  -0.0002 -0.0073 -0.0013 -0.0093 -0.0002  0.0055]
INFO:root:tau_ctrl_phi: [ 0.      3.5836  0.0641 -1.6141 -0.0098 -0.6654  0.    ]
INFO:root:tau_ctrl_x: [-0.0006  0.029   0.0073 -0.0571 -0.0006 -0.0017 -0.0022]
INFO:root:tau_ctrl_v: [-0.0273 -0.0002 -0.008  -0.0014 -0.0101 -0.0002  0.006 ]
INFO:root:tau_ctrl_phi: [ 0.      3.5816  0.064  -1.6132 -0.0098 -0.665   0.    ]
INFO:root:tau_ctrl_x: [ 0.023   0.0277  0.0278 -0.0569 -0.002   0.0007  0.0021]
INFO:root:tau_ctrl_v: [-0.03   -0.0002 -0.0088 -0.0016 -0.0112 -0.0002  0.0066]
INFO:root:tau_ctrl_phi: [ 0.      3.5726  0.0639 -1.6092 -0.0098 -0.6633  0.    ]
INFO:root:tau_ctrl_x: [-0.0491  0.0317 -0.0452 -0.0645  0.0074  0.0007 -0.0023]
INFO:root:tau_ctrl_v: [-0.0285 -0.0002 -0.0083 -0.0015 -0.0106 -0.0002  0.0063]
INFO:root:tau_ctrl_phi: [ 0.      3.5527  0.0635 -1.6002 -0.0098 -0.6596  0.    ]
INFO:root:tau_ctrl_x: [ 0.0004  0.0455  0.008  -0.0917 -0.0003 -0.0003 -0.0014]
INFO:root:tau_ctrl_v: [-0.0162 -0.0001 -0.0047 -0.0008 -0.006  -0.0001  0.0036]
INFO:root:tau_ctrl_phi: [ 0.      3.5376  0.0633 -1.5934 -0.0097 -0.6568  0.    ]
INFO:root:tau_ctrl_x: [ 0.0082  0.0534  0.0149 -0.1056 -0.0022 -0.0021 -0.0017]
INFO:root:tau_ctrl_v: [-0.0179 -0.0001 -0.0052 -0.0009 -0.0066 -0.0001  0.004 ]
INFO:root:tau_ctrl_phi: [ 0.      3.5514  0.0635 -1.5996 -0.0098 -0.6594  0.    ]
INFO:root:tau_ctrl_x: [ 0.0478  0.0324  0.0494 -0.0659 -0.009   0.0003 -0.0004]
INFO:root:tau_ctrl_v: [-0.0186 -0.0001 -0.0054 -0.001  -0.0069 -0.0001  0.0041]
INFO:root:tau_ctrl_phi: [ 0.      3.5494  0.0635 -1.5987 -0.0098 -0.659  -0.    ]
INFO:root:tau_ctrl_x: [ 0.018   0.029   0.0244 -0.0602 -0.0034  0.0015 -0.0012]
INFO:root:tau_ctrl_v: [-0.0302 -0.0002 -0.0088 -0.0016 -0.0112 -0.0002  0.0067]
INFO:root:tau_ctrl_phi: [ 0.      3.5495  0.0635 -1.5988 -0.0098 -0.659   0.    ]
INFO:root:tau_ctrl_x: [ 0.0321  0.0186  0.0331 -0.0393 -0.0073  0.0018 -0.0019]
INFO:root:tau_ctrl_v: [-0.0149 -0.0001 -0.0043 -0.0008 -0.0055 -0.0001  0.0033]
INFO:root:tau_ctrl_phi: [ 0.      3.5079  0.0628 -1.58   -0.0096 -0.6513  0.    ]
INFO:root:tau_ctrl_x: [ 0.0451  0.052   0.044  -0.1024 -0.0073 -0.0025  0.0019]
INFO:root:tau_ctrl_v: [-0.0351 -0.0003 -0.0102 -0.0018 -0.013  -0.0002  0.0078]
INFO:root:tau_ctrl_phi: [ 0.      3.4904  0.0624 -1.5722 -0.0096 -0.648   0.    ]
INFO:root:tau_ctrl_x: [ 0.0503  0.0587  0.0508 -0.114  -0.0084 -0.0045  0.0014]
INFO:root:tau_ctrl_v: [-0.0331 -0.0002 -0.0096 -0.0017 -0.0123 -0.0002  0.0073]
