epoch,mean_ret,mean_len,pi_loss,vf_loss,kl,pi_iters,n_episodes,rmse_curve,rmse_line,rmse_hold,elapsed_s
1,-837.3118,250.0,-0.009101,53856.949219,0.015662,7,16,5.8105,4.3483,2.0043,14.96
2,-832.9235,250.0,-0.007092,49437.351562,0.015865,10,16,5.6576,3.7361,1.7495,10.69
3,-855.2212,250.0,-0.008170,79868.468750,0.015396,12,16,4.2295,6.9098,1.6095,10.57
4,-645.8792,250.0,-0.006295,24021.263672,0.016450,9,16,4.0671,3.5074,1.7885,10.67
5,-898.4527,250.0,-0.006568,89314.695312,0.015998,11,16,4.5999,7.0797,1.8895,10.93
6,-658.4413,235.7,-0.006530,27059.962891,0.015920,9,16,7.0554,3.6313,1.7985,10.72
7,-701.4365,250.0,-0.007411,34554.714844,0.015202,13,16,3.0454,4.9040,1.8143,11.09
8,-994.3498,250.0,-0.007694,74403.523438,0.015197,10,16,7.3740,4.4991,1.7937,11.18
9,-770.2195,250.0,-0.011529,32099.552734,0.015038,25,16,4.0186,4.6302,1.8589,11.09
10,-756.7930,240.1,-0.011751,30944.859375,0.015313,15,16,6.7244,3.8844,1.8239,10.92
11,-938.4388,250.0,-0.008694,63612.000000,0.015268,13,16,6.1033,3.7181,1.6398,10.48
12,-862.0679,250.0,-0.006196,45331.855469,0.015124,9,16,5.9581,3.3903,1.7629,10.74
13,-667.5977,250.0,-0.006172,20598.113281,0.015714,11,16,3.6303,4.4031,1.6594,10.79
14,-735.8700,233.9,-0.008767,26634.910156,0.015349,10,16,7.5103,3.1580,1.7177,10.60
15,-780.5798,250.0,-0.009819,53035.257812,0.015832,9,16,6.4444,3.8421,1.8505,10.65
16,-743.6199,235.6,-0.009039,24498.695312,0.015234,14,16,5.7636,3.8649,1.6662,11.14
17,-1118.8557,250.0,-0.008736,121481.734375,0.016128,9,16,7.0904,5.9246,1.5173,11.26
18,-762.7151,250.0,-0.010131,18722.855469,0.015230,20,16,3.5760,5.4966,1.6662,10.71
19,-729.6775,250.0,-0.010829,9940.809570,0.015200,28,16,3.3260,3.8294,1.5705,11.42
20,-821.8075,246.5,-0.008565,49583.386719,0.016177,10,17,7.7936,4.6197,1.9341,10.67
21,-930.7367,250.0,-0.011230,80659.664062,0.015670,10,16,12.8375,4.0579,1.8016,10.61
22,-1017.0308,250.0,-0.008809,62434.714844,0.015137,8,16,6.9839,4.3803,1.7149,10.82
23,-819.7706,250.0,-0.005549,43008.675781,0.016314,8,16,5.3594,4.5375,1.8458,11.46
24,-785.1973,244.8,-0.007972,30258.953125,0.015386,8,16,6.4213,2.4242,1.7747,11.19
25,-884.8137,250.0,-0.007275,35280.656250,0.015823,12,16,5.1785,4.7533,1.7832,12.01
26,-792.1051,239.8,-0.008568,67001.281250,0.015561,11,16,7.5978,4.0006,1.9387,10.97
27,-927.1262,240.1,-0.007393,31690.275391,0.015817,12,17,8.0895,3.3070,1.8442,11.01
28,-611.4272,250.0,-0.015072,11221.822266,0.014059,80,16,3.7948,3.4473,1.6898,11.38
29,-649.0209,250.0,-0.014614,8660.147461,0.015085,70,16,3.8880,3.3468,2.0035,11.06
30,-846.1794,250.0,-0.009348,51461.996094,0.016175,11,16,7.4042,3.8413,1.8262,11.13
31,-823.3624,250.0,-0.008562,21686.220703,0.015235,12,16,4.4963,4.5257,1.7890,10.78
32,-897.5433,228.6,-0.007383,62246.093750,0.015324,9,18,31.2721,2.8693,1.7977,10.62
33,-754.4279,250.0,-0.006678,23909.667969,0.015695,12,16,5.6970,3.2145,1.7084,10.47
34,-554.3818,250.0,-0.011914,10180.147461,0.015122,29,16,4.0944,2.6451,1.6614,10.59
35,-624.8220,250.0,-0.006982,10764.176758,0.015085,14,16,4.0270,3.6903,1.5807,10.45
36,-828.8502,250.0,-0.007245,26009.140625,0.016015,8,16,4.9548,4.0782,1.4436,10.61
37,-732.5281,250.0,-0.004699,19552.060547,0.015067,9,16,4.5004,4.6400,1.7879,10.71
38,-710.4679,247.5,-0.005858,25056.054688,0.015702,8,16,7.9193,3.7006,1.8099,10.48
39,-958.7703,250.0,-0.004892,27502.283203,0.015107,10,16,5.2888,4.3175,1.4964,10.72
40,-471.6529,236.7,-0.012270,5163.544434,0.015084,53,17,5.4627,3.1557,1.6505,10.78
41,-632.5181,235.9,-0.006373,25482.769531,0.015384,9,16,8.3599,3.5620,1.8604,10.63
42,-890.7668,241.4,-0.005447,18182.535156,0.015253,11,16,5.9707,3.6750,1.8556,10.94
43,-767.2313,239.9,-0.012727,21588.406250,0.015057,46,17,5.8800,3.7157,1.5739,10.95
44,-1044.9604,245.9,-0.007935,46411.960938,0.015222,8,16,7.6631,4.2693,1.5894,10.39
45,-834.5157,238.9,-0.008508,33818.160156,0.015766,7,17,6.3211,4.8473,1.6381,10.47
46,-926.0497,246.1,-0.008347,33087.558594,0.015512,14,16,7.0220,4.8314,1.5697,10.45
47,-893.9034,250.0,-0.005662,32023.320312,0.015804,9,16,6.4979,4.6842,1.6851,10.54
48,-745.0222,250.0,-0.013004,12709.355469,0.015107,38,16,4.5751,3.6467,1.5365,10.80
49,-635.5218,241.3,-0.012596,8445.541992,0.015107,28,16,3.9186,3.5206,1.7443,10.74
50,-598.1656,236.7,-0.005916,23371.355469,0.016412,9,17,8.5139,2.9915,1.5458,10.81
51,-778.4861,250.0,-0.005158,9557.846680,0.015269,8,16,3.9469,3.8239,1.7128,10.88
52,-737.6968,250.0,-0.017387,12443.127930,0.015011,75,16,4.1434,4.0022,1.6481,10.78
53,-672.7287,250.0,-0.009956,27533.886719,0.015261,21,16,5.4173,4.1958,1.7198,10.84
54,-753.4272,238.9,-0.009926,9524.374023,0.015756,17,17,5.0091,3.2011,1.7003,10.99
55,-607.2145,240.9,-0.006995,9679.088867,0.016713,10,17,18.6354,3.4989,1.6565,10.49
56,-767.9824,250.0,-0.004079,23470.607422,0.015147,8,16,5.2585,1.8487,1.8008,10.82
57,-906.7294,219.2,-0.007381,66204.734375,0.016023,8,19,9.8281,3.5536,1.6455,10.79
58,-972.1118,245.6,-0.007364,39130.085938,0.015352,9,16,7.2154,5.5503,1.8242,11.20
59,-678.1021,250.0,-0.005952,11261.242188,0.015142,14,16,4.2538,3.4349,1.6586,11.18
60,-579.9543,250.0,-0.005345,7807.432129,0.016177,10,16,3.2149,3.2076,1.7239,11.26
61,-489.7478,250.0,-0.010151,36737.871094,0.015027,9,16,5.5102,2.9277,1.5109,10.57
62,-977.0437,247.7,-0.009201,32460.695312,0.016768,8,16,19.4132,5.6013,1.6515,10.36
63,-1087.9834,238.9,-0.006685,32211.140625,0.015889,8,16,7.4851,4.5139,1.5006,11.07
64,-779.3347,250.0,-0.005255,17962.517578,0.015277,9,16,5.3981,3.1174,1.6367,10.98
65,-871.0417,250.0,-0.004763,39985.359375,0.015319,7,16,7.2836,3.5398,2.1589,10.51
66,-1083.2317,247.4,-0.006366,24501.197266,0.015306,8,16,6.6598,3.2983,1.5474,10.50
67,-757.6685,250.0,-0.008245,49568.875000,0.016223,8,16,6.2819,2.9668,1.6519,11.84
68,-593.6716,236.5,-0.006992,9722.555664,0.015434,13,17,3.9740,3.5658,1.6797,11.16
69,-670.5985,240.4,-0.006951,38903.718750,0.015118,14,16,15.4362,5.2784,1.8292,11.67
70,-1085.2923,250.0,-0.017978,43552.933594,0.011793,80,16,4.0479,5.9552,1.6107,10.71
71,-589.2222,227.9,-0.010625,57991.304688,0.016951,9,18,15.4391,3.0308,1.4939,10.82
72,-778.3558,250.0,-0.017570,8897.138672,0.013420,80,16,3.5161,2.4658,1.6845,11.23
73,-545.5947,216.2,-0.015704,25118.431641,0.015010,44,19,11.5093,4.4988,1.5942,12.26
74,-1001.9746,236.7,-0.009168,65083.703125,0.016796,7,17,7.6312,4.8829,1.7835,11.98
75,-741.1870,250.0,-0.009473,16526.103516,0.015307,22,16,4.8586,2.9613,1.4827,11.21
76,-1130.6531,242.8,-0.015632,59888.367188,0.011477,80,16,6.5082,6.5023,1.6033,10.77
77,-802.4738,250.0,-0.017547,19835.011719,0.015037,54,16,4.6749,4.6493,1.5003,10.79
78,-633.4983,250.0,-0.013658,19037.457031,0.015141,38,16,4.2365,4.4283,1.6381,10.69
79,-673.5076,250.0,-0.007304,19348.166016,0.016151,7,16,4.3027,4.4302,1.3779,10.35
80,-870.7068,236.6,-0.005240,28900.398438,0.015990,8,17,5.9042,5.5567,1.6146,10.37
81,-828.9369,250.0,-0.006255,18438.029297,0.015619,13,16,4.7194,4.6709,1.4265,10.66
82,-874.2708,245.6,-0.008108,70984.046875,0.015088,7,17,7.7499,2.7642,1.5837,10.24
83,-907.9025,246.4,-0.008217,43008.632812,0.018177,7,16,10.4246,3.3043,1.6802,10.58
84,-763.6402,235.7,-0.003623,17458.310547,0.015195,8,16,5.8649,4.0589,1.7212,10.52
85,-714.9636,250.0,-0.003491,16306.554688,0.015644,7,16,4.9523,2.7711,1.5834,10.65
86,-627.0150,250.0,-0.011956,9489.963867,0.015123,37,16,3.5163,3.2649,1.6638,10.81
87,-569.0829,250.0,-0.006183,13267.438477,0.015523,11,16,3.8812,3.2064,1.7612,10.35
88,-878.3942,238.1,-0.008463,52118.597656,0.015389,8,17,62.2385,4.7207,1.6886,11.19
89,-648.9788,250.0,-0.006080,16668.773438,0.015402,12,16,4.4359,4.1399,1.6152,11.13
90,-932.4183,250.0,-0.012094,24211.566406,0.015153,32,16,5.3808,3.5725,1.7147,11.24
91,-726.1279,241.7,-0.012396,36256.312500,0.015069,14,17,12.9630,3.2460,1.7584,11.06
92,-701.6382,250.0,-0.009285,13059.908203,0.015341,16,16,3.6660,4.0794,1.7576,11.07
93,-782.6001,239.8,-0.009142,21839.011719,0.015503,14,17,5.8362,3.7489,1.5141,10.98
94,-762.9103,250.0,-0.005795,21375.119141,0.015324,8,16,4.4347,4.0140,1.5808,10.71
95,-597.0770,250.0,-0.007638,14196.698242,0.015167,13,16,3.8428,4.0831,1.7385,11.19
96,-756.1993,250.0,-0.007040,26253.373047,0.016392,7,16,5.2439,3.7003,1.4187,11.61
97,-887.2698,250.0,-0.004660,18679.119141,0.015454,9,16,4.7931,4.3921,1.5403,11.39
98,-632.9400,250.0,-0.013565,9916.791992,0.015059,50,16,3.5171,3.4500,1.5425,11.45
99,-612.7599,250.0,-0.017146,14101.254883,0.015049,46,16,3.7145,3.1519,1.6801,11.11
100,-629.8940,250.0,-0.007815,32321.750000,0.015543,9,16,6.3804,2.4715,1.6881,11.11
101,-624.5916,250.0,-0.004872,15344.177734,0.017890,7,16,4.6770,3.5661,1.7260,10.82
102,-773.3380,250.0,-0.009337,13893.666992,0.015494,16,16,4.1933,2.9785,1.7788,11.47
103,-766.7808,241.3,-0.008042,23942.273438,0.015093,14,16,9.8278,4.9550,1.4264,10.67
104,-789.1542,246.1,-0.006040,21491.742188,0.015398,9,17,14.4773,4.3557,1.6202,10.81
105,-804.0201,250.0,-0.009453,26599.748047,0.016343,7,16,5.2484,4.1637,1.6293,10.53
106,-986.6661,250.0,-0.006340,82153.734375,0.015748,7,16,8.0491,4.5068,1.7046,10.53
107,-814.9847,236.6,-0.014923,14744.662109,0.015027,30,17,10.4225,4.2634,1.5677,11.25
108,-531.2607,250.0,-0.008357,17008.992188,0.017700,8,16,4.3613,2.1751,1.8251,10.82
109,-679.0753,236.5,-0.009797,17473.761719,0.016395,14,16,5.5978,2.4457,1.6907,10.93
110,-698.2724,245.4,-0.007345,15691.074219,0.015323,8,16,10.6886,2.7382,1.6929,10.54
111,-697.3004,236.5,-0.007601,23364.685547,0.015752,13,18,6.6696,5.2465,1.5663,11.02
112,-723.4553,236.6,-0.005966,50694.625000,0.017265,7,17,5.5766,5.7578,1.7825,10.64
113,-967.8542,246.9,-0.006871,33555.246094,0.015553,9,16,9.8572,3.5341,1.5378,10.45
114,-740.3778,238.6,-0.006155,39613.113281,0.015508,6,18,11.7151,3.3904,1.6333,10.50
115,-752.0181,250.0,-0.006911,17906.410156,0.015838,8,16,5.7010,3.2324,1.8802,10.46
116,-633.1834,250.0,-0.004455,14901.914062,0.015580,7,16,5.2112,3.3899,1.5572,10.36
117,-731.2814,250.0,-0.008924,34703.191406,0.015022,6,16,5.6691,2.5638,1.6519,10.67
118,-705.1998,250.0,-0.006606,34033.843750,0.015993,9,16,5.9087,3.3001,1.6981,10.73
119,-728.7000,250.0,-0.007487,15444.606445,0.015248,19,16,4.2962,4.1120,1.5372,10.55
120,-850.9110,250.0,-0.009643,31186.451172,0.017065,8,16,6.2122,3.6345,1.9415,10.37
121,-807.1105,250.0,-0.007872,21746.611328,0.016752,8,16,5.3284,2.8624,1.6264,10.49
122,-548.2434,250.0,-0.017247,9871.412109,0.015111,62,16,3.6577,3.4222,1.7838,10.85
123,-840.1374,241.4,-0.007645,27335.080078,0.016332,9,17,7.0844,4.6185,1.5211,11.37
124,-541.9463,236.5,-0.017641,9795.261719,0.015035,73,17,6.9337,3.0834,1.6320,12.06
125,-664.0925,236.2,-0.008794,21108.748047,0.017278,9,17,5.6776,2.7617,1.6775,11.21
126,-769.0518,250.0,-0.006676,22746.802734,0.015411,11,16,4.6815,3.0201,1.7407,10.83
127,-590.9987,250.0,-0.019137,8051.988770,0.014651,80,16,3.1690,3.6889,1.8577,11.53
128,-808.6987,250.0,-0.014904,34760.328125,0.015310,40,16,5.2894,3.9220,1.4892,10.79
129,-749.4944,237.0,-0.008876,18648.060547,0.015124,19,16,5.3481,3.1929,1.4719,10.90
130,-714.6106,250.0,-0.014471,45594.484375,0.015039,46,16,4.4930,5.0004,1.7286,10.48
131,-861.9393,229.8,-0.006457,23686.910156,0.015088,8,18,8.7829,4.6090,1.5980,10.72
132,-524.6837,236.5,-0.006032,11293.132812,0.016281,8,17,4.6432,3.0087,1.7977,10.54
133,-629.9035,238.2,-0.006019,12406.335938,0.015342,8,17,5.6868,3.0101,1.7508,10.95
134,-781.3249,250.0,-0.014691,16217.419922,0.015021,27,16,5.7263,3.6284,1.4786,11.35
135,-509.0942,236.6,-0.005236,7480.852051,0.015738,10,17,5.2059,3.1625,1.8201,10.92
136,-630.5519,250.0,-0.004654,7528.495605,0.016043,9,16,3.5829,3.3935,1.9714,10.69
137,-477.4225,250.0,-0.005470,13567.447266,0.018642,6,16,5.5080,2.6189,1.6528,10.77
138,-573.8018,246.7,-0.007252,11564.503906,0.015283,13,16,8.6696,3.8893,1.8623,11.01
139,-837.2263,250.0,-0.019821,37329.289062,0.015028,69,16,4.6222,5.2888,1.6709,12.53
140,-620.1585,236.7,-0.018188,18224.324219,0.015051,61,17,5.1141,2.2302,1.8589,15.48
141,-756.4430,250.0,-0.013965,70410.828125,0.015865,9,16,4.5452,2.5477,1.7097,14.67
142,-546.8312,250.0,-0.015184,10696.933594,0.015012,49,16,3.7127,2.9452,1.5824,15.03
143,-668.3349,250.0,-0.009780,25132.992188,0.016466,7,16,6.5854,2.9149,1.7220,14.44
144,-782.1242,250.0,-0.006035,24810.724609,0.017918,6,16,5.8853,3.8340,1.6773,14.29
145,-655.7630,250.0,-0.010935,22248.556641,0.016602,7,16,4.4648,3.4177,1.8859,14.57
146,-644.9988,250.0,-0.006765,37769.617188,0.015576,9,16,4.1710,5.8989,1.6681,14.54
147,-511.9339,227.6,-0.007453,6784.854004,0.015652,7,17,8.1200,2.7945,1.8242,14.20
148,-821.5975,236.6,-0.005190,60419.515625,0.015481,9,17,5.8348,6.3803,1.9913,13.93
149,-746.4041,250.0,-0.008025,14487.887695,0.018281,7,16,4.0957,3.8934,1.6948,14.30
150,-740.8503,250.0,-0.003316,26971.300781,0.017670,5,16,5.3494,3.3622,1.9928,14.09
151,-695.4848,250.0,-0.011602,11336.419922,0.015058,29,16,3.7588,3.8173,2.2880,14.58
152,-749.7650,240.2,-0.006811,18450.273438,0.015824,7,17,7.8383,4.3336,1.6233,13.88
153,-722.8411,249.9,-0.006568,37530.492188,0.016020,7,16,6.8618,2.9313,1.7953,14.39
154,-760.9083,250.0,-0.005812,19817.498047,0.015167,10,16,5.8240,3.0274,1.7480,15.43
155,-872.8433,237.4,-0.007819,60219.546875,0.016033,7,17,9.3738,5.7588,1.7240,14.67
156,-611.2525,237.8,-0.004680,22482.914062,0.015947,7,17,5.7681,3.9096,1.6396,14.26
157,-753.3925,231.9,-0.005313,45663.355469,0.017633,7,17,7.7769,6.0369,1.9222,14.67
158,-1017.2047,231.1,-0.008246,51529.003906,0.017724,8,18,17.3533,4.2753,1.7903,15.25
159,-814.8895,244.5,-0.007294,17931.679688,0.017655,9,16,6.6066,4.0093,2.2307,14.10
160,-651.2119,244.2,-0.007068,24032.527344,0.015782,7,16,5.6077,3.0384,1.8748,14.39
161,-696.0327,250.0,-0.016087,12509.798828,0.015060,45,16,5.0253,3.1157,1.6569,14.29
162,-541.6962,238.4,-0.007700,8816.356445,0.015075,13,16,5.3249,3.0606,1.9197,16.50
163,-748.3137,250.0,-0.009228,51236.457031,0.017732,7,16,6.2346,4.5707,1.7839,15.25
164,-903.6291,250.0,-0.009249,28490.123047,0.015208,17,16,5.8921,3.3270,1.8986,14.33
165,-851.0303,250.0,-0.009333,55905.718750,0.015407,7,16,6.4098,2.9634,1.8112,15.79
166,-746.4656,250.0,-0.008118,54072.476562,0.015432,6,16,7.8717,2.4123,1.9067,14.81
167,-746.8876,243.5,-0.006125,28385.853516,0.017234,7,17,7.9106,3.7316,1.4721,15.96
168,-741.1219,236.6,-0.004651,13486.209961,0.015044,8,17,6.0559,4.3617,2.0566,16.10
169,-676.4815,250.0,-0.013888,12655.166992,0.015128,43,16,4.4555,3.3162,1.9446,16.62
170,-570.7537,250.0,-0.018054,8217.274414,0.015069,59,16,5.8051,3.4214,1.8945,18.02
171,-816.9630,250.0,-0.007179,44803.382812,0.016693,6,16,6.1533,3.2248,1.6924,20.30
172,-795.6451,250.0,-0.005981,45469.328125,0.016025,7,16,6.5883,3.5414,1.6564,19.00
173,-648.9321,250.0,-0.006364,14879.410156,0.015747,10,16,4.5919,2.5206,1.5767,16.28
174,-457.5409,250.0,-0.005251,14137.944336,0.016084,7,16,2.5212,3.6784,1.4222,16.26
175,-829.3351,242.1,-0.005050,42167.546875,0.018201,5,16,8.3406,3.6944,1.7504,18.52
176,-755.6501,250.0,-0.013351,68871.257812,0.015067,31,16,3.6992,7.1158,1.9735,16.65
177,-1011.6682,246.4,-0.005470,27248.591797,0.015283,8,16,11.4526,4.4664,1.7648,16.99
178,-754.4661,250.0,-0.010087,45326.167969,0.018776,6,16,6.6932,2.7945,2.0978,18.02
179,-561.2379,250.0,-0.005048,10200.172852,0.015637,6,16,3.6068,2.9136,1.3772,19.95
180,-706.3126,250.0,-0.005107,17438.890625,0.015783,7,16,4.1753,3.7842,1.6383,18.50
181,-778.0434,239.1,-0.005854,24317.203125,0.016530,8,16,5.6805,3.6313,1.8202,19.42
182,-899.0783,249.2,-0.005315,58528.125000,0.016609,6,16,8.2021,3.1406,1.7158,18.79
183,-613.5870,250.0,-0.006683,11359.242188,0.015013,13,16,4.3269,2.5145,1.7081,17.99
184,-582.5852,239.4,-0.012604,13541.406250,0.015557,26,16,5.9625,4.0671,1.2980,18.38
185,-715.9137,250.0,-0.009009,11668.209961,0.015160,15,16,4.0592,4.2985,1.7319,17.83
186,-739.1737,250.0,-0.005140,9709.665039,0.015810,7,16,3.3325,4.1192,1.4647,19.33
187,-593.9195,250.0,-0.007481,29067.542969,0.016720,8,16,5.1879,2.3426,1.4386,19.02
188,-439.9200,236.6,-0.005377,13379.115234,0.015610,7,17,5.8932,2.7422,1.7607,18.01
189,-817.5841,250.0,-0.004519,57012.617188,0.016460,6,16,6.0175,5.4164,1.8887,19.49
190,-904.7516,243.8,-0.007703,23164.396484,0.016899,8,16,5.5460,4.0789,1.8352,16.13
191,-723.3740,250.0,-0.015699,31225.101562,0.015626,13,16,5.2633,3.5361,1.5338,12.61
192,-906.2779,250.0,-0.007716,86301.953125,0.017744,6,16,6.9451,5.5184,1.7678,10.89
193,-469.2316,250.0,-0.008010,14427.369141,0.015408,14,16,3.9437,1.9012,1.5169,11.11
194,-737.0161,241.4,-0.009126,17265.849609,0.015399,16,16,5.8000,3.8504,1.8331,10.73
195,-706.1893,250.0,-0.005346,10283.093750,0.015011,9,16,3.9379,3.3827,1.5985,10.80
196,-517.1567,250.0,-0.003748,12750.000000,0.016102,7,16,4.0674,2.9417,1.7326,10.73
197,-696.6274,250.0,-0.012727,9293.419922,0.015184,31,16,4.0600,2.6569,2.1800,10.82
198,-595.2131,239.7,-0.011160,12966.101562,0.015437,15,17,13.1577,3.5367,1.8295,10.72
199,-504.8613,250.0,-0.018881,9525.073242,0.015042,60,16,3.0943,3.5516,1.2774,10.87
200,-658.3164,250.0,-0.016164,6089.194824,0.015063,53,16,3.0495,3.0096,1.6600,11.58
