epoch,mean_ret,mean_len,pi_loss,vf_loss,kl,pi_iters,n_episodes,elapsed_s
1,-2518.4975,501.0,-0.008698,177587.750000,0.015559,7,7,67.02
2,-2183.6499,501.0,-0.007840,121345.750000,0.015658,10,7,64.87
3,-2366.1606,501.0,-0.007297,141833.531250,0.016376,11,7,64.77
4,-1955.7563,501.0,-0.012992,94081.968750,0.015073,32,7,63.93
5,-1906.2398,501.0,-0.017867,87498.125000,0.013143,80,7,66.68
6,-1773.2974,501.0,-0.006667,71312.703125,0.015221,9,7,66.09
7,-1810.4625,501.0,-0.005435,83141.109375,0.017466,8,7,63.30
8,-1857.9769,501.0,-0.006833,76648.765625,0.015142,7,7,64.53
9,-1680.8040,501.0,-0.018897,55545.820312,0.015014,58,7,65.86
10,-1750.5520,501.0,-0.007300,64408.312500,0.015872,11,7,64.03
11,-1579.6690,501.0,-0.005895,47577.847656,0.015149,10,7,64.71
12,-1515.9950,501.0,-0.007381,38920.703125,0.015516,12,7,65.23
13,-1574.5905,501.0,-0.018225,43852.785156,0.012478,80,7,65.79
14,-1355.8975,501.0,-0.019315,27035.777344,0.014263,80,7,64.47
15,-1382.0268,501.0,-0.006274,32153.101562,0.015322,9,7,64.57
16,-1202.4445,501.0,-0.006661,19010.882812,0.015294,7,7,64.43
17,-1557.8610,501.0,-0.005065,44170.949219,0.015019,12,7,65.97
18,-1255.8250,501.0,-0.005332,17817.656250,0.016486,8,7,64.50
19,-1379.5075,501.0,-0.005302,27585.900391,0.015444,9,7,63.84
20,-1173.6801,501.0,-0.018548,13069.931641,0.014690,80,7,64.68
21,-1172.4575,501.0,-0.012641,12779.289062,0.015279,29,7,64.85
22,-1118.8817,501.0,-0.004922,9378.510742,0.015325,11,7,64.67
23,-1087.9704,501.0,-0.007411,9567.507812,0.015391,12,7,64.18
24,-1095.8122,501.0,-0.004833,8953.791016,0.015122,9,7,65.07
25,-1084.3447,501.0,-0.006594,7572.375977,0.015671,10,7,64.91
26,-1041.7171,501.0,-0.003308,6212.562988,0.015002,7,7,65.43
27,-1240.6344,501.0,-0.007840,17893.671875,0.015173,13,7,64.81
28,-1085.1008,501.0,-0.019573,6883.550293,0.014495,80,7,66.07
29,-1043.0054,501.0,-0.006401,5228.700684,0.015513,13,7,64.44
30,-1019.2372,501.0,-0.016430,4877.585938,0.015128,49,7,63.98
31,-927.4247,501.0,-0.004578,3608.095947,0.016106,8,7,64.93
32,-967.8642,501.0,-0.004389,3975.091064,0.016243,8,7,66.31
33,-939.8241,501.0,-0.018131,3585.453857,0.013393,80,7,64.54
34,-912.6983,501.0,-0.006308,2972.745850,0.015684,8,7,64.33
35,-848.3527,501.0,-0.006010,2268.683350,0.015339,9,7,63.99
36,-881.4664,501.0,-0.004109,2026.634399,0.017569,5,7,66.68
37,-1335.9514,501.0,-0.006727,40491.617188,0.018301,5,7,64.17
38,-1043.3139,501.0,-0.007570,12651.528320,0.015630,8,7,64.23
39,-858.5988,501.0,-0.012816,2286.693604,0.015007,37,7,64.87
40,-847.8292,501.0,-0.005613,2765.199707,0.015677,7,7,65.81
41,-969.2773,501.0,-0.003972,6097.728516,0.016248,5,7,63.80
42,-871.9491,501.0,-0.019648,1739.997803,0.014791,80,7,64.95
43,-988.6106,501.0,-0.011842,9288.194336,0.017115,8,7,64.46
44,-840.6741,501.0,-0.005683,1602.879883,0.015590,7,7,65.86
45,-838.9566,501.0,-0.006395,1900.592041,0.015374,15,7,64.04
46,-966.5059,501.0,-0.007221,7836.463867,0.016727,9,7,64.19
47,-824.8072,501.0,-0.004566,2072.193848,0.016179,11,7,65.23
48,-783.9238,501.0,-0.005812,1383.201294,0.016212,10,7,64.95
49,-856.4899,501.0,-0.005513,1659.234131,0.016299,9,7,64.74
50,-805.2313,501.0,-0.004345,1658.301758,0.016022,9,7,65.36
51,-756.7296,501.0,-0.004770,1526.609497,0.015051,10,7,65.74
52,-818.7586,501.0,-0.006261,1781.944946,0.015510,14,7,64.29
53,-1187.6472,501.0,-0.009502,32979.425781,0.017726,5,7,64.36
54,-771.8093,501.0,-0.014682,1419.978149,0.013351,80,7,64.67
55,-880.3803,501.0,-0.006339,4339.603516,0.015175,8,7,66.53
56,-725.8782,501.0,-0.002431,1898.593140,0.015775,5,7,64.44
57,-1044.6825,501.0,-0.006626,15436.239258,0.016223,5,7,63.52
58,-709.1780,501.0,-0.003506,1664.066162,0.015847,7,7,64.36
59,-756.7754,501.0,-0.003995,1458.121948,0.015169,10,7,66.19
60,-833.5428,501.0,-0.004955,4201.523926,0.015649,6,7,63.89
61,-764.2751,501.0,-0.016959,1472.527100,0.013075,80,7,65.03
62,-725.1290,501.0,-0.009962,1437.586548,0.015110,36,7,64.18
63,-670.9847,501.0,-0.004222,1472.926514,0.016097,9,7,66.68
64,-713.4104,501.0,-0.005702,1400.312134,0.015266,11,7,65.07
65,-713.6493,501.0,-0.015973,1590.324097,0.015161,56,7,64.96
66,-751.9661,501.0,-0.010225,3162.714111,0.015126,9,7,65.17
67,-643.5328,501.0,-0.014515,1291.162354,0.014472,80,7,66.08
68,-645.0702,501.0,-0.016216,1090.436768,0.011327,80,7,64.70
69,-631.1725,501.0,-0.004204,1391.439697,0.015100,7,7,63.74
70,-625.3226,501.0,-0.002842,1129.703613,0.015170,7,7,64.34
71,-607.9264,501.0,-0.004103,1082.012207,0.016130,8,7,65.42
72,-598.5431,501.0,-0.003812,1062.424194,0.015525,8,7,64.51
73,-621.0745,501.0,-0.015544,1159.276489,0.015057,65,7,64.53
74,-597.2470,501.0,-0.016364,1059.646729,0.015059,61,7,65.91
75,-619.8990,501.0,-0.009752,1119.735229,0.015336,20,7,64.80
76,-561.0345,501.0,-0.007064,965.518005,0.016756,12,7,64.81
77,-598.6518,501.0,-0.015950,1016.736755,0.015033,68,7,65.22
78,-579.8387,501.0,-0.007839,846.884888,0.015079,12,7,65.43
79,-587.5532,501.0,-0.016520,809.014709,0.015065,60,7,64.77
80,-557.9420,501.0,-0.009642,884.999573,0.015573,21,7,64.91
81,-543.8089,501.0,-0.005992,745.375610,0.015460,9,7,64.35
82,-558.9189,501.0,-0.004691,1223.577881,0.016783,5,7,66.71
83,-540.0431,501.0,-0.018300,608.900330,0.013707,80,7,64.50
84,-534.1217,501.0,-0.006945,699.870789,0.015935,12,7,67.62
85,-533.1815,501.0,-0.005915,966.240723,0.016221,10,7,63.95
86,-522.1177,501.0,-0.004439,780.166016,0.016497,8,7,67.65
87,-507.7599,501.0,-0.008466,841.921692,0.015327,17,7,64.32
88,-508.8774,501.0,-0.004349,603.071350,0.015078,10,7,64.45
89,-515.3581,501.0,-0.013008,539.824646,0.015024,38,7,64.38
90,-491.9991,501.0,-0.009155,576.231689,0.015431,28,7,65.38
91,-477.2165,501.0,-0.015834,533.276489,0.015145,64,7,64.75
92,-473.7750,501.0,-0.012174,574.547974,0.015327,46,7,64.65
93,-446.5709,501.0,-0.015079,498.805786,0.012962,80,7,65.04
94,-471.5162,501.0,-0.005032,578.617737,0.017317,8,7,65.23
95,-475.0136,501.0,-0.015823,561.113220,0.014157,80,7,64.42
96,-470.7736,501.0,-0.003766,436.903870,0.016479,5,7,65.11
97,-453.2958,501.0,-0.016801,465.936584,0.013175,80,7,65.34
98,-439.7997,501.0,-0.013062,434.559875,0.015168,49,7,65.15
99,-457.3885,501.0,-0.004612,853.915710,0.015591,6,7,63.85
100,-432.1220,501.0,-0.006363,378.314026,0.015002,16,7,65.03
101,-427.8725,501.0,-0.002672,516.720764,0.015630,6,7,65.10
102,-422.9680,501.0,-0.006883,479.139679,0.015981,17,7,64.59
103,-423.4382,501.0,-0.016727,334.463867,0.015042,63,7,64.93
104,-427.3859,501.0,-0.005674,395.841217,0.015879,9,7,64.49
105,-436.5819,501.0,-0.003353,440.137512,0.018382,5,7,66.39
106,-416.9762,501.0,-0.006626,314.984161,0.015044,14,7,64.98
107,-432.1752,501.0,-0.004201,480.413879,0.015508,6,7,63.68
108,-466.8389,501.0,-0.006628,1896.126099,0.017435,7,7,64.20
109,-429.3449,501.0,-0.004467,426.983948,0.015168,8,7,66.23
110,-424.3911,501.0,-0.012414,512.665161,0.015147,28,7,64.36
111,-419.6729,501.0,-0.004816,405.553864,0.017276,7,7,65.67
112,-595.8192,501.0,-0.011243,11713.629883,0.015859,4,7,63.89
113,-398.3308,501.0,-0.003929,453.523895,0.015606,7,7,65.92
114,-402.3991,501.0,-0.009412,350.310089,0.015003,31,7,64.75
115,-759.2921,496.0,-0.010058,37575.035156,0.015619,3,8,63.55
116,-410.2383,501.0,-0.011103,961.554443,0.015031,35,7,63.82
117,-422.3357,501.0,-0.002067,538.342224,0.015385,3,7,66.05
118,-405.8700,501.0,-0.002284,501.632385,0.016222,6,7,63.86
119,-390.5871,501.0,-0.003713,409.897430,0.016863,6,7,68.82
120,-428.9880,501.0,-0.003381,424.990295,0.018096,6,7,68.88
121,-404.0242,501.0,-0.002713,368.655853,0.017328,10,7,69.01
122,-391.7249,501.0,-0.003165,368.035492,0.016139,7,7,67.95
123,-415.4819,501.0,-0.009448,448.834167,0.015332,28,7,68.69
124,-387.1875,501.0,-0.014116,303.941833,0.011322,80,7,70.14
125,-394.6717,501.0,-0.014623,358.132904,0.015086,57,7,67.69
126,-389.1090,501.0,-0.010486,352.448364,0.015492,23,7,68.25
127,-380.6730,501.0,-0.002106,314.821533,0.015471,4,7,67.92
128,-412.6967,501.0,-0.004192,604.372253,0.015352,6,7,69.38
129,-374.3635,501.0,-0.007667,323.781738,0.015461,21,7,68.52
130,-382.1385,501.0,-0.006027,324.763611,0.015296,11,7,67.10
131,-388.4174,501.0,-0.014610,297.341919,0.015161,52,7,64.22
132,-375.1503,501.0,-0.009073,333.994019,0.015631,14,7,66.26
133,-377.9439,501.0,-0.004184,322.260376,0.015456,8,7,63.68
134,-389.0116,501.0,-0.008567,312.456360,0.015050,20,7,63.74
135,-356.7076,501.0,-0.004644,257.595032,0.015288,9,7,64.86
136,-381.3698,501.0,-0.010243,328.690826,0.015309,24,7,66.25
137,-400.3743,501.0,-0.006199,465.090668,0.015947,9,7,65.31
138,-357.5216,501.0,-0.003488,288.323792,0.015734,6,7,63.48
139,-358.4313,501.0,-0.003917,262.684021,0.015188,7,7,64.65
140,-373.4343,501.0,-0.009414,436.799591,0.016093,21,7,64.54
141,-376.6435,501.0,-0.015455,346.605865,0.015256,66,7,64.96
142,-348.4204,501.0,-0.001843,269.570740,0.016824,2,7,64.32
143,-373.2820,501.0,-0.002955,302.478577,0.018792,5,7,65.59
144,-359.6940,501.0,-0.004115,238.653381,0.015482,8,7,63.98
145,-343.2668,501.0,-0.010233,258.154785,0.015086,28,7,63.97
146,-355.0903,501.0,-0.007682,255.338470,0.015018,19,7,64.87
147,-337.1488,501.0,-0.010252,252.143387,0.015023,31,7,65.70
148,-343.0247,501.0,-0.003635,274.189148,0.015147,8,7,64.49
149,-352.1827,501.0,-0.004094,287.872314,0.015916,6,7,63.87
150,-334.2670,501.0,-0.012371,237.783691,0.015303,57,7,64.59
151,-343.6323,501.0,-0.004556,234.643417,0.016425,7,7,65.78
152,-333.6538,501.0,-0.004953,241.876129,0.015675,8,7,64.38
153,-331.5964,501.0,-0.004062,212.442505,0.015350,6,7,64.17
154,-343.4611,501.0,-0.004442,251.347748,0.017778,6,7,64.63
155,-331.9977,501.0,-0.004119,399.918274,0.017390,7,7,66.54
156,-320.7927,501.0,0.013795,45925.144531,0.021865,3,7,63.29
157,-345.4680,501.0,-0.003700,678.864075,0.015777,6,7,64.19
158,-340.5782,501.0,-0.002735,518.319397,0.016131,4,7,64.49
159,-324.6806,501.0,-0.005129,369.291046,0.016845,10,7,65.20
160,-336.3412,501.0,-0.010214,345.093903,0.015131,29,7,63.24
161,-322.2919,501.0,-0.004630,281.499451,0.015159,8,7,65.12
162,-317.5213,501.0,-0.008336,229.273514,0.015135,26,7,64.67
163,-315.9806,501.0,-0.005754,210.095901,0.016353,7,7,64.12
164,-308.7781,501.0,-0.008888,220.075439,0.015058,32,7,64.45
165,-313.8423,501.0,-0.005470,195.639923,0.017569,10,7,65.02
166,-311.9694,501.0,-0.014355,193.032150,0.015100,62,7,64.78
167,-311.8043,501.0,-0.007374,210.315750,0.015186,18,7,64.82
168,-302.0259,501.0,-0.010507,173.956680,0.015013,28,7,64.38
169,-311.5961,501.0,-0.013012,201.474503,0.015245,56,7,65.06
170,-301.9141,501.0,-0.009405,173.410248,0.015153,36,7,65.06
171,-283.4273,501.0,-0.015369,164.289444,0.015090,71,7,64.44
172,-323.3150,501.0,-0.005776,533.684509,0.015394,8,7,63.92
173,-288.5933,501.0,-0.002845,178.013290,0.015411,6,7,63.68
174,-298.9496,501.0,-0.004661,179.918823,0.016175,7,7,70.91
175,-303.5044,501.0,-0.005623,252.463226,0.015039,10,7,64.21
176,-286.7028,501.0,-0.015791,160.672638,0.014839,80,7,63.89
177,-279.2275,501.0,-0.011029,165.829056,0.015148,40,7,63.99
178,-271.0389,501.0,-0.005999,154.799942,0.015101,9,7,65.76
179,-278.9034,501.0,-0.006457,131.183533,0.016114,13,7,63.63
180,-268.8627,501.0,-0.003653,141.701324,0.015674,7,7,63.47
181,-271.4400,501.0,-0.013843,136.386154,0.015072,64,7,63.17
182,-264.3267,501.0,-0.015197,128.560822,0.015045,58,7,65.69
183,-258.9287,501.0,-0.004514,134.578339,0.015692,6,7,64.33
184,-257.8089,501.0,-0.003871,125.823601,0.016317,4,7,64.26
185,-266.4626,501.0,-0.004129,170.863297,0.017551,7,7,64.43
186,-271.6728,501.0,-0.002225,142.374283,0.016771,5,7,65.57
187,-263.0521,501.0,-0.004202,122.291183,0.016099,7,7,63.62
188,-265.9258,501.0,-0.002911,150.262054,0.016595,8,7,64.23
189,-257.6184,501.0,-0.003469,131.574463,0.015934,8,7,63.99
190,-262.6444,501.0,-0.002464,134.582611,0.020715,5,7,65.53
191,-263.0037,501.0,-0.004541,122.232231,0.015526,8,7,64.23
192,-268.9655,501.0,-0.003581,138.848679,0.015133,7,7,65.40
193,-265.1390,501.0,-0.004193,145.814667,0.019380,5,7,66.30
194,-260.0599,501.0,-0.004155,137.571609,0.016865,6,7,65.17
195,-269.0382,501.0,-0.003708,151.181808,0.020564,4,7,64.30
196,-255.9161,501.0,-0.014756,122.205009,0.013228,80,7,64.01
197,-253.5407,501.0,-0.014530,120.164566,0.015222,72,7,66.05
198,-256.7475,501.0,-0.010932,137.218735,0.015070,27,7,64.66
199,-253.0121,501.0,-0.006887,134.855377,0.016262,8,7,63.26
200,-261.0234,501.0,-0.002461,137.983749,0.017434,4,7,63.34
