epoch,mean_ret,mean_len,pi_loss,vf_loss,kl,pi_iters,n_episodes,rmse_curve,rmse_line,rmse_hold,elapsed_s
1,-2563.5714,501.0,-0.018964,264974.375000,0.015169,25,4,7.8141,8.1432,7.5492,21.76
2,-2940.8233,488.6,-0.008061,166906.562500,0.015001,10,9,7.6752,7.1097,3.4408,18.55
3,-2170.5984,501.0,-0.008293,140210.218750,0.015561,14,8,6.1436,7.1951,7.9463,18.78
4,-1636.7320,468.6,-0.007432,54602.664062,0.015224,15,9,4.7651,5.8969,4.8132,18.96
5,-1560.0175,501.0,-0.015967,59836.332031,0.015033,45,8,4.9585,5.7783,5.2996,19.90
6,-1657.6487,501.0,-0.007190,57890.332031,0.016934,10,8,5.5282,5.5505,4.3427,18.44
7,-1630.4592,501.0,-0.006051,49596.148438,0.016106,11,8,5.0968,5.1433,4.5444,17.99
8,-1464.8048,501.0,-0.007935,46512.531250,0.016062,9,8,4.8349,5.8655,4.4317,18.16
9,-1543.9876,501.0,-0.004516,32321.466797,0.015807,11,8,4.5964,4.5121,4.4500,18.29
10,-1320.3872,501.0,-0.005594,31501.482422,0.016394,12,8,5.1053,4.5590,4.2597,19.49
11,-1451.0547,501.0,-0.006251,45568.527344,0.015383,10,8,5.3490,4.6142,5.1402,18.64
12,-1351.8630,501.0,-0.005962,30531.792969,0.016724,11,8,5.0716,4.4191,4.9114,18.43
13,-1428.3915,501.0,-0.005198,41452.902344,0.015488,10,8,5.2954,4.3019,3.8309,18.65
14,-1262.0048,501.0,-0.005949,28377.494141,0.016397,9,8,4.7690,4.5827,4.5029,18.29
15,-1330.2005,501.0,-0.005752,21813.509766,0.015236,11,8,4.7959,4.0558,5.5419,18.62
16,-1419.9466,501.0,-0.006797,29662.734375,0.015874,10,8,4.9555,4.7427,4.8474,18.75
17,-1572.0406,501.0,-0.005861,50802.046875,0.015240,9,8,5.5947,4.6886,2.3065,18.13
18,-1361.1182,501.0,-0.014677,32404.490234,0.015154,57,8,5.1771,4.9813,3.0077,19.18
19,-1378.9497,501.0,-0.006226,13020.788086,0.016132,10,8,4.6664,4.0062,4.1109,19.41
20,-1193.0937,501.0,-0.011493,14454.570312,0.015058,34,8,4.4316,4.2803,4.4477,19.48
21,-1099.9065,501.0,-0.006065,10171.029297,0.015214,13,8,4.1113,3.6570,nan,18.91
22,-1123.5749,501.0,-0.006843,14041.260742,0.016448,10,8,4.0768,4.3650,4.8202,18.23
23,-1156.1485,501.0,-0.005889,8450.137695,0.016165,9,8,4.0746,3.6320,4.0709,18.16
24,-1064.9502,501.0,-0.013462,7942.577637,0.015009,62,8,3.9051,3.9040,2.5865,18.74
25,-1034.1656,501.0,-0.006654,8134.734863,0.015826,12,8,3.9376,3.9341,4.3025,18.22
26,-1117.3532,501.0,-0.005266,7677.474121,0.016672,10,8,4.1040,4.0333,3.3164,18.12
27,-1058.1284,501.0,-0.007412,7371.730469,0.015357,14,8,3.9032,3.6298,4.3250,19.27
28,-971.0594,501.0,-0.007230,4219.576172,0.016198,11,8,3.9069,3.6512,nan,18.31
29,-1088.9136,501.0,-0.004825,8202.485352,0.015860,10,8,4.0840,3.7311,3.8284,18.15
30,-1018.3188,501.0,-0.004687,5441.250488,0.016155,9,8,3.9760,3.6068,3.7854,19.07
31,-1030.1502,501.0,-0.005885,4915.573242,0.015258,9,8,3.9171,3.6610,4.4758,18.38
32,-973.2206,501.0,-0.004052,4480.098145,0.016053,11,8,3.3936,4.1609,4.0222,18.83
33,-1027.2302,501.0,-0.018974,5332.493164,0.013669,80,8,3.7281,4.1274,4.0059,19.49
34,-924.7044,501.0,-0.016306,3391.302490,0.012202,80,8,3.4099,3.6065,3.6537,18.55
35,-1606.0373,501.0,-0.026500,124856.226562,0.013045,80,8,4.0531,6.5762,3.6138,18.36
36,-903.3869,501.0,-0.005882,2981.202148,0.015674,8,8,3.7680,3.3179,3.5606,17.85
37,-869.4543,501.0,-0.004776,2762.639648,0.015350,6,8,3.7498,3.3363,3.0071,17.98
38,-901.9749,501.0,-0.004366,2905.384766,0.016499,9,8,3.2029,3.8083,4.4299,17.86
39,-829.8678,501.0,-0.005618,1924.958252,0.015075,12,8,2.8099,3.2913,3.1924,18.02
40,-841.2532,501.0,-0.017393,2780.902588,0.014799,80,8,2.9833,3.0668,3.4365,18.95
41,-811.1147,501.0,-0.007562,2657.225342,0.016168,11,8,3.0499,2.8416,2.5955,17.89
42,-837.0534,501.0,-0.005779,1865.975708,0.017468,8,8,3.0505,2.4312,2.1512,18.10
43,-1521.1779,501.0,-0.004613,129223.078125,0.015928,5,8,3.4985,7.8017,2.9934,18.91
44,-821.6134,501.0,-0.004246,2314.350830,0.015508,10,8,3.2793,3.0649,3.8330,17.75
45,-826.6376,501.0,-0.011248,2001.527954,0.015042,36,8,3.1754,2.8626,2.9278,17.75
46,-743.9873,501.0,-0.005102,2970.433594,0.016045,9,8,2.6677,3.1456,3.1566,17.71
47,-819.9414,501.0,-0.005895,2034.612183,0.015633,9,8,3.1415,3.1397,2.6072,18.35
48,-764.2660,501.0,-0.010599,2748.363037,0.015135,22,8,3.2053,2.8744,2.2083,18.55
49,-690.5491,501.0,-0.005754,2030.900635,0.017611,8,8,2.8210,3.2008,2.7425,18.20
50,-744.2828,501.0,-0.005248,1615.147339,0.016220,11,8,2.7079,3.6057,2.5267,18.09
51,-768.1226,501.0,-0.007764,2004.383911,0.015068,12,8,3.0893,3.0018,3.2624,17.74
52,-779.1517,501.0,-0.012198,1963.046753,0.015065,34,8,2.8911,2.7156,2.4868,18.12
53,-761.1299,501.0,-0.005590,1589.793945,0.017296,9,8,3.0154,2.3653,2.6653,18.66
54,-696.5334,501.0,-0.004404,1652.641479,0.015636,10,8,2.1521,2.7511,2.7170,18.08
55,-659.1061,501.0,-0.004753,1924.819214,0.015864,10,8,2.7891,2.4508,3.2455,17.72
56,-727.3617,501.0,-0.005196,1779.532715,0.016089,9,8,2.8660,3.0363,2.2243,17.86
57,-756.4929,501.0,-0.004330,1852.878540,0.015570,9,7,3.1914,2.6749,2.7571,17.89
58,-748.8625,501.0,-0.004998,3026.695068,0.016247,7,8,2.7138,2.6742,2.1801,18.00
59,-726.8102,501.0,-0.005887,2889.653809,0.015369,11,8,2.7205,2.2090,2.9690,17.96
60,-714.9426,501.0,-0.005881,1972.696899,0.016875,8,8,3.0177,2.7578,2.6782,17.99
61,-692.2343,501.0,-0.017359,1407.902100,0.012677,80,8,2.6356,2.2420,2.2266,19.70
62,-684.9132,501.0,-0.005967,1885.491211,0.017112,10,8,2.8116,2.5758,2.2737,19.65
63,-653.0541,501.0,-0.004635,1318.113403,0.015587,9,8,2.9113,2.1881,1.9334,19.18
64,-614.8361,501.0,-0.004788,1319.671265,0.015486,10,8,2.4106,2.2266,1.9376,17.79
65,-648.0481,501.0,-0.011883,1198.630981,0.015145,39,8,2.2062,2.4069,2.2716,18.90
66,-628.4122,501.0,-0.005821,1848.513672,0.017873,7,8,2.3911,2.2259,1.6897,18.61
67,-779.0068,501.0,-0.007903,6369.804688,0.016669,7,8,3.4840,2.1342,2.0840,18.30
68,-614.2401,501.0,-0.009872,1406.720093,0.015037,35,8,2.2203,2.1780,2.3893,18.92
69,-619.6270,501.0,-0.004839,1053.291870,0.015866,8,8,2.4225,2.0248,1.9092,18.25
70,-601.6787,501.0,-0.005685,1482.649048,0.016109,8,8,2.0620,2.2046,1.6249,18.67
71,-593.4945,501.0,-0.004371,1396.113037,0.015961,7,8,2.2619,2.2880,2.1863,19.53
72,-680.6445,501.0,-0.006668,1572.165283,0.015722,8,8,2.2843,2.6229,1.8073,18.60
73,-608.1035,501.0,-0.004638,1130.713257,0.018054,8,8,1.9923,2.2242,1.8971,18.31
74,-689.6584,501.0,-0.005006,2067.810059,0.016126,7,8,2.6792,2.2198,2.1118,18.84
75,-584.2178,501.0,-0.017261,851.838440,0.015065,79,8,2.0622,2.2852,1.7253,18.98
76,-539.2107,501.0,-0.005577,1051.725464,0.015831,9,8,2.2965,1.6729,1.7718,19.82
77,-573.4141,501.0,-0.003993,958.644165,0.015667,7,8,1.9025,1.8907,1.8207,19.30
78,-559.6315,501.0,-0.008247,878.868225,0.015358,16,8,2.0638,2.1620,1.8531,18.33
79,-595.0466,501.0,-0.005753,1690.729614,0.015590,8,8,1.9575,2.1919,2.0648,19.06
80,-548.8670,501.0,-0.004704,1061.067871,0.016586,7,8,1.8917,2.0973,1.5081,18.64
81,-596.7671,501.0,-0.004982,929.401428,0.015512,6,8,2.2593,2.1915,2.3144,18.84
82,-529.0062,501.0,-0.004615,777.789368,0.016803,7,8,1.7460,2.0140,1.5399,17.63
83,-541.6896,501.0,-0.003994,876.691223,0.016250,6,8,1.8240,2.1121,2.0156,17.73
84,-531.9033,501.0,-0.003621,750.257141,0.015220,7,8,1.8835,1.8127,2.2086,17.75
85,-575.6027,501.0,-0.005257,1404.040283,0.016684,6,8,2.2179,2.3162,1.8149,17.90
86,-549.2525,501.0,-0.004858,2165.346191,0.017283,6,8,2.5207,2.3167,2.1983,18.55
87,-598.0342,501.0,-0.003616,647.681091,0.016171,8,8,1.7564,2.2399,2.1409,18.60
88,-573.0002,501.0,-0.004197,798.336243,0.015452,7,8,2.1008,2.3061,2.2465,19.16
89,-539.2411,501.0,-0.004310,1122.255249,0.017915,7,8,2.1112,2.4570,2.3090,18.76
90,-624.3613,501.0,-0.003421,1107.263550,0.015159,7,8,2.0044,2.7984,2.2249,18.21
91,-557.4655,501.0,-0.003999,951.201538,0.015063,7,8,2.1725,1.9490,nan,18.47
92,-539.8744,501.0,-0.004738,1038.887939,0.015763,9,8,2.3939,1.9957,1.8699,18.20
93,-572.1524,501.0,-0.005354,994.960510,0.015701,13,8,2.2646,2.5053,2.5625,17.96
94,-555.8159,501.0,-0.004748,840.856812,0.017229,8,8,2.0539,1.9835,2.1021,17.81
95,-539.9969,501.0,-0.003937,1180.224731,0.015039,7,8,2.1696,1.9285,1.9037,17.83
96,-592.0550,501.0,-0.004921,1033.362549,0.015980,9,8,2.1817,1.9045,nan,18.76
97,-518.3931,501.0,-0.003595,910.682007,0.016081,8,8,1.8384,2.2227,1.9642,17.60
98,-543.3485,501.0,-0.004252,740.270874,0.015461,8,8,1.9759,1.6281,1.2612,17.51
99,-529.1454,501.0,-0.005136,744.896118,0.016388,9,8,2.0385,1.9675,1.6396,17.69
100,-508.9154,501.0,-0.006295,789.494141,0.016247,10,8,1.5953,2.2276,2.4146,18.33
101,-782.4388,501.0,-0.010849,33743.363281,0.016859,8,8,3.5997,2.1433,1.4392,17.84
102,-520.7531,501.0,-0.003465,998.773987,0.016737,8,8,1.8868,2.2372,2.0892,17.91
103,-543.1849,501.0,-0.004222,817.987732,0.018007,9,8,2.0160,2.0794,1.8556,18.00
104,-535.8144,501.0,-0.004056,1039.469971,0.016982,7,8,2.0836,2.0540,1.9230,17.89
105,-497.6161,501.0,-0.003580,718.828918,0.015853,10,8,2.0345,1.6442,1.6397,18.53
106,-486.9845,501.0,-0.004325,725.573547,0.016246,7,8,1.7310,1.7315,1.6297,18.71
107,-515.9370,501.0,-0.003838,627.127441,0.016708,7,8,1.8712,1.3477,1.4089,17.91
108,-489.9513,501.0,-0.004520,776.622559,0.015323,7,8,1.8574,1.9596,1.8132,17.89
109,-511.0414,501.0,-0.003646,622.237610,0.015018,8,8,1.7826,1.7799,1.8140,17.77
110,-543.7193,501.0,-0.005812,2306.683594,0.017507,6,8,1.8962,2.6895,1.0056,17.96
111,-521.4111,501.0,-0.003033,602.284180,0.016482,7,8,1.9533,1.6540,1.5443,17.72
112,-467.4549,501.0,-0.004333,590.020142,0.015713,11,8,1.6002,1.6496,1.4752,17.71
113,-463.0944,501.0,-0.005254,622.038452,0.015861,9,8,1.7520,2.0755,1.8219,18.20
114,-499.5119,501.0,-0.004330,605.489014,0.016492,9,8,1.8613,2.1091,1.7374,17.89
115,-506.1872,501.0,-0.006042,646.453796,0.016204,10,8,2.2699,1.7401,1.8996,17.92
116,-498.9205,501.0,-0.003331,656.002136,0.015327,10,8,1.9461,1.9093,1.7799,18.09
117,-481.3327,501.0,-0.004082,608.741577,0.015252,7,8,1.9568,1.6825,2.0086,17.84
118,-500.3765,501.0,-0.004142,645.620483,0.015335,11,8,1.7846,2.0871,1.7443,17.81
119,-450.8721,501.0,-0.005183,649.442261,0.015263,9,8,1.6602,1.8653,nan,18.41
120,-471.9111,501.0,-0.004256,826.528809,0.015955,8,8,1.7683,1.9272,1.5183,18.65
121,-477.0366,501.0,-0.005542,615.610901,0.016310,7,8,1.4674,1.9881,1.8050,18.55
122,-468.0853,501.0,-0.013112,718.860779,0.015074,50,8,1.9436,1.8411,1.3214,18.14
123,-470.2110,501.0,-0.004226,467.920471,0.015136,7,8,1.7906,1.7065,1.8661,17.59
124,-545.7517,501.0,-0.006531,2358.063232,0.018620,6,8,1.9668,1.9505,2.0646,17.80
125,-467.2937,501.0,-0.004033,568.846497,0.015806,10,8,1.6102,1.9604,3.0935,18.36
126,-451.2424,501.0,-0.003056,658.248108,0.016378,9,8,1.5783,1.6483,1.8065,18.22
127,-448.7356,501.0,-0.004975,560.004761,0.015210,11,8,1.7752,1.4898,1.9318,18.16
128,-559.7243,501.0,-0.006371,3280.043945,0.015742,5,8,2.8712,1.7523,1.4554,17.85
129,-465.1378,501.0,-0.003557,629.195435,0.016500,8,8,1.9778,1.7826,1.5533,17.99
130,-495.1530,501.0,-0.004214,906.512390,0.015511,7,8,1.9162,2.0691,1.5270,17.83
131,-474.0394,501.0,-0.003810,562.994263,0.016783,7,8,1.4349,1.4483,1.7523,18.51
132,-423.8070,501.0,-0.010420,454.056946,0.015024,43,8,1.6320,1.5896,1.2681,18.27
133,-443.0321,501.0,-0.009462,674.195984,0.015205,29,8,1.9291,1.6640,1.1298,17.74
134,-446.7429,501.0,-0.005417,424.891357,0.015433,11,8,1.5353,1.5393,1.7874,18.30
135,-447.4934,501.0,-0.004645,783.931335,0.017132,7,8,1.4306,1.8028,1.1193,18.73
136,-470.3133,501.0,-0.007451,1183.879517,0.018415,8,8,2.0055,1.6697,1.7434,19.11
137,-514.6458,501.0,-0.006392,1742.321899,0.018805,6,8,2.0960,1.6670,1.2162,17.75
138,-411.2237,501.0,-0.003608,557.717041,0.016873,7,8,1.4801,1.3252,1.3727,17.92
139,-416.7703,501.0,-0.005159,464.406464,0.016296,9,8,1.3520,1.7936,1.6571,17.95
140,-434.4659,501.0,-0.004125,521.008423,0.015200,7,8,1.5739,1.6401,1.4761,17.83
141,-428.4965,501.0,-0.002933,495.967255,0.015301,8,8,1.6477,1.5338,1.7364,18.03
142,-421.3136,501.0,-0.006637,824.684082,0.015679,8,8,1.7236,1.4203,1.3808,18.33
143,-434.7458,501.0,-0.005128,511.063049,0.016972,8,8,1.6465,1.5491,1.4315,17.82
144,-452.1608,501.0,-0.004010,557.402588,0.016345,9,8,1.4858,1.6116,1.2876,17.83
145,-395.8722,501.0,-0.004392,486.722931,0.016353,9,8,1.4820,1.4217,1.6129,17.91
146,-408.2011,501.0,-0.003594,389.468597,0.016258,9,8,1.4428,1.2899,1.1427,17.91
147,-432.8083,501.0,-0.004910,455.319489,0.015980,9,7,1.4159,1.6331,1.7613,17.92
148,-408.3472,501.0,-0.003953,401.506653,0.015935,10,8,1.4743,1.3470,1.3152,17.88
149,-415.5524,501.0,-0.004189,442.801636,0.016158,12,8,1.6156,1.5581,1.3507,18.34
150,-447.4702,501.0,-0.003967,617.858398,0.016252,8,8,1.4678,1.4420,1.2559,18.48
