epoch,mean_ret,mean_len,pi_loss,vf_loss,kl,pi_iters,n_episodes,rmse_curve,rmse_line,rmse_hold,elapsed_s
1,-842.3026,250.0,-0.011651,54224.894531,0.015284,7,8,4.5619,4.1147,1.8806,9.64
2,-1136.0247,250.0,-0.008344,100553.531250,0.015823,9,8,6.6679,5.6487,1.6903,5.64
3,-744.6684,250.0,-0.008267,41026.324219,0.016519,10,8,4.0608,4.0043,1.6936,5.51
4,-816.8328,199.6,-0.007624,63317.898438,0.015317,7,9,8.0428,3.4521,1.7756,5.47
5,-1083.0731,212.2,-0.007661,133696.203125,0.015586,8,9,18.2831,4.5195,1.8690,5.71
6,-1172.7241,228.2,-0.009051,227479.656250,0.017944,7,8,13.0532,4.5880,1.7948,5.61
7,-1219.5933,250.0,-0.008265,43334.007812,0.015799,13,8,5.2589,3.9030,1.9385,5.87
8,-1355.2492,250.0,-0.011168,219419.421875,0.017916,9,8,8.0973,6.9990,1.9905,5.49
9,-1252.2349,250.0,-0.007618,93978.078125,0.016119,10,8,7.9631,4.3747,1.9056,6.04
10,-717.5997,250.0,-0.019588,38839.343750,0.014626,80,8,3.8334,4.6228,1.7093,6.11
11,-586.0910,250.0,-0.007944,38728.441406,0.017263,11,8,4.1659,5.1313,1.8988,5.76
12,-776.6854,250.0,-0.007359,24633.566406,0.015761,10,8,3.8364,4.0761,1.7502,5.92
13,-956.1016,237.6,-0.012812,91477.109375,0.017138,7,8,31.7595,5.1656,1.6898,5.75
14,-886.5841,250.0,-0.006237,86727.664062,0.015195,11,8,6.6295,4.2371,1.5977,5.93
15,-1244.0772,228.6,-0.014039,81949.554688,0.017558,9,8,54.9287,4.5456,1.7075,5.81
16,-763.9129,250.0,-0.017999,69569.273438,0.014023,80,8,3.7001,4.9599,6.4469,6.54
17,-1026.5675,223.9,-0.010324,175824.375000,0.015096,9,9,9.6840,4.9347,1.7387,5.80
18,-941.6653,250.0,-0.006836,25039.347656,0.016928,9,8,4.6887,4.2034,1.9232,5.58
19,-699.5295,250.0,-0.006152,13471.574219,0.015059,8,8,3.9363,3.0953,1.6393,5.75
20,-806.8539,250.0,-0.007477,35234.050781,0.016189,7,8,4.4315,4.2301,2.0574,5.47
21,-801.2603,250.0,-0.017503,36510.960938,0.013832,80,8,3.1635,3.9649,5.3536,5.81
22,-619.2284,250.0,-0.017907,34719.820312,0.015002,27,8,4.3083,5.2387,1.7742,5.43
23,-1039.0815,250.0,-0.008723,18514.205078,0.015624,11,8,3.8345,4.5380,2.0008,5.63
24,-639.7084,231.8,-0.008448,29976.718750,0.015920,7,9,13.6815,4.7318,1.8942,5.54
25,-913.3414,229.3,-0.008396,49591.535156,0.015968,7,9,12.2324,5.3325,1.8135,5.87
26,-1552.6521,250.0,-0.006501,166938.968750,0.016416,8,8,7.9378,9.7289,1.3857,5.67
27,-840.8563,221.2,-0.008748,28163.263672,0.016974,7,8,6.6371,3.1138,1.7923,5.59
28,-546.1479,250.0,-0.006647,77997.781250,0.015434,6,8,4.6137,6.5261,1.7573,5.96
29,-1172.4366,250.0,-0.004533,19288.580078,0.015805,8,8,4.8675,3.6920,1.5177,5.59
30,-578.0310,231.0,-0.007851,21723.253906,0.015904,8,8,8.5129,3.0095,1.7765,5.51
31,-869.4368,250.0,-0.007240,16816.531250,0.015892,8,8,4.4156,2.2332,1.5377,5.57
32,-519.5090,250.0,-0.008750,19355.164062,0.017402,10,8,4.5526,3.9371,1.8089,5.50
33,-923.4357,247.1,-0.006967,25136.429688,0.015864,9,8,9.8388,5.0342,1.4215,5.48
34,-885.3700,250.0,-0.008705,23197.908203,0.015021,12,8,4.4555,3.3735,1.7163,5.54
35,-530.4611,250.0,-0.007728,14651.455078,0.015600,13,8,2.9453,4.4921,4.0953,5.69
36,-552.5429,250.0,-0.005153,5390.300293,0.017722,8,8,2.8891,3.8170,2.0712,5.74
37,-643.7979,250.0,-0.007364,23899.509766,0.017278,9,8,4.8179,2.9746,1.4897,5.90
38,-872.5052,250.0,-0.006967,17970.646484,0.015167,8,8,3.6888,4.0558,3.6719,5.54
39,-530.2086,250.0,-0.005277,7346.662598,0.015573,9,8,3.6727,3.1649,1.9989,5.54
40,-681.9791,250.0,-0.008651,11744.128906,0.017941,8,8,3.9561,3.0022,1.7669,5.65
41,-491.9034,250.0,-0.006878,28892.824219,0.017559,7,8,3.6327,5.8874,1.8921,5.64
42,-949.5008,250.0,-0.004802,77472.945312,0.015723,7,8,4.3705,7.8281,2.1070,5.64
43,-1154.8394,224.6,-0.006419,35847.539062,0.015164,9,9,9.0114,6.0477,1.9277,5.62
44,-671.5531,250.0,-0.008576,26252.107422,0.015339,14,8,4.0504,4.8351,1.8059,5.74
45,-583.1574,189.8,-0.008965,16973.099609,0.016657,10,11,8.8770,3.8980,1.8246,6.07
46,-821.4888,197.7,-0.008680,49639.667969,0.016496,9,9,7.3976,7.3570,1.9322,6.09
47,-891.9669,225.8,-0.024808,64699.671875,0.011606,80,9,5.4198,7.4533,6.6538,6.23
48,-678.1668,250.0,-0.007809,15500.621094,0.015192,9,8,3.4356,4.0524,5.1339,5.67
49,-657.7089,223.9,-0.006655,57166.816406,0.016915,7,9,6.7823,5.9862,1.4471,5.95
50,-1034.5010,223.0,-0.007639,27044.880859,0.017796,7,9,11.0045,5.3313,1.6965,5.72
51,-861.7331,250.0,-0.006673,20007.480469,0.015973,8,8,4.5617,4.2625,1.6219,5.95
52,-857.5376,250.0,-0.009907,36574.132812,0.017162,9,8,4.8915,5.5978,1.9057,5.72
53,-1178.0820,241.4,-0.006349,82352.609375,0.016638,6,9,9.7966,6.7307,1.8678,5.79
54,-1048.3162,250.0,-0.012767,48698.289062,0.015751,27,8,3.9756,6.1027,9.5491,5.62
55,-784.9297,250.0,-0.008867,8447.166016,0.016918,11,8,3.0172,4.3471,1.8838,5.69
56,-590.2605,250.0,-0.006919,7635.773926,0.015507,12,8,3.3481,3.9356,1.8032,5.66
57,-560.5953,250.0,-0.018811,15754.182617,0.006401,80,8,3.2941,4.8787,2.1839,5.96
58,-776.2552,209.2,-0.008514,48196.902344,0.015617,10,10,13.9017,5.4012,6.2182,5.90
59,-1258.0092,230.8,-0.008332,97308.710938,0.019573,6,9,8.8815,4.5722,9.0940,5.47
60,-961.0596,229.1,-0.009275,59524.394531,0.016062,6,9,11.3393,4.4997,1.9858,5.76
61,-861.2886,248.8,-0.007656,16819.076172,0.017067,7,8,6.0411,4.0003,2.0645,5.78
62,-806.0621,250.0,-0.006572,19822.832031,0.017660,9,8,4.8004,3.8273,nan,5.62
63,-839.4740,250.0,-0.007164,21184.816406,0.016328,8,8,5.1962,3.4129,3.6794,5.62
64,-850.5132,250.0,-0.009718,31199.607422,0.015696,9,8,6.4633,4.0057,2.0067,5.49
65,-982.8102,228.7,-0.009824,25991.765625,0.018383,7,9,9.8699,7.8525,nan,5.57
66,-1298.9724,250.0,-0.010258,74578.140625,0.016225,9,8,7.4587,7.3767,1.6697,5.52
67,-1063.1416,250.0,-0.005838,95222.656250,0.015648,9,8,6.2134,6.5550,1.7340,5.61
68,-683.3298,233.1,-0.011685,28785.691406,0.017240,8,9,17.6376,2.7571,1.7850,5.63
69,-1012.6651,250.0,-0.005445,77271.054688,0.015335,7,8,3.5690,7.2798,1.7649,5.92
70,-862.0793,250.0,-0.023651,21363.814453,0.010875,80,8,4.0402,4.9593,1.8504,5.88
71,-660.3153,250.0,-0.006451,17245.703125,0.015395,7,8,5.6572,2.5980,1.7288,5.80
72,-738.6697,224.4,-0.003971,18650.583984,0.017098,7,9,6.4950,3.5411,1.9232,5.65
73,-1184.9630,250.0,-0.006212,48919.199219,0.016021,7,8,7.3404,4.0608,4.1002,5.96
74,-719.7436,250.0,-0.005498,14391.226562,0.016511,7,8,4.5761,3.5668,2.0994,5.82
75,-487.0471,250.0,-0.004601,3530.462891,0.015019,8,8,3.0694,2.1912,1.8011,5.73
76,-601.5559,250.0,-0.007164,8964.000000,0.015186,10,8,4.4701,3.9631,2.1282,5.71
77,-776.1860,250.0,-0.006054,13497.579102,0.018154,7,8,4.3478,4.5612,1.8668,5.73
78,-579.2985,250.0,-0.008564,4847.469238,0.015015,15,8,2.8776,3.4459,1.6574,5.77
79,-543.6515,250.0,-0.006427,15004.766602,0.015901,8,8,4.7584,2.4576,1.7819,5.91
80,-706.4671,250.0,-0.006315,10092.792969,0.016181,8,8,5.6542,2.3935,1.7427,5.61
81,-842.4549,250.0,-0.005752,16841.775391,0.016034,8,8,3.6604,5.0842,3.7578,5.72
82,-542.2654,250.0,-0.008726,8230.050781,0.015994,10,8,3.8056,3.8912,1.8325,5.70
83,-978.7730,227.2,-0.005528,40890.316406,0.019056,7,9,7.4849,4.9473,7.8170,5.44
84,-496.9327,202.9,-0.009386,4042.429688,0.016745,11,10,5.9729,3.6325,2.4569,5.50
85,-933.9917,250.0,-0.005878,62927.851562,0.015783,8,8,4.6118,6.5051,1.7233,5.45
86,-1046.9676,250.0,-0.008780,59973.925781,0.017892,7,8,5.2402,6.4373,1.9816,5.37
87,-593.2853,224.4,-0.008781,11816.781250,0.015328,7,9,6.4775,4.6874,1.8526,5.47
88,-1559.6026,250.0,-0.009520,137628.921875,0.019190,5,8,7.5181,3.2873,nan,5.48
89,-657.9292,250.0,-0.015059,12917.107422,0.015183,32,8,4.1557,3.9217,1.8145,5.89
90,-1209.4674,250.0,-0.009943,91042.375000,0.016173,8,8,7.5954,7.1393,nan,5.43
91,-1233.1086,243.0,-0.009505,69283.039062,0.019085,6,8,9.1232,3.9153,5.3898,5.53
92,-777.3740,250.0,-0.021744,21536.769531,0.015028,65,8,4.2998,3.9270,3.9621,5.55
93,-648.4718,250.0,-0.022845,7288.770508,0.015053,51,8,3.9236,3.8074,2.0238,5.93
94,-812.4150,250.0,-0.004831,38861.375000,0.015232,6,8,5.1186,3.8526,6.7028,5.30
95,-799.2388,250.0,-0.004312,13904.915039,0.015086,7,8,3.1445,4.8839,4.5127,5.46
96,-717.5644,250.0,-0.008862,29451.662109,0.017513,7,8,6.4600,3.7948,4.3544,5.51
97,-852.8748,250.0,-0.010537,15420.105469,0.015568,7,8,5.6803,3.5961,2.0583,5.33
98,-758.4692,250.0,-0.005453,12794.304688,0.015776,7,8,4.2599,2.8462,2.6255,5.57
99,-508.8834,250.0,-0.005081,9271.092773,0.016335,6,8,3.1811,3.4541,1.6661,5.50
100,-503.6492,205.2,-0.007529,9334.457031,0.015252,10,9,23.8674,3.6285,1.8592,5.47
101,-1207.8397,250.0,-0.008565,72801.812500,0.015734,15,8,4.5921,8.2412,nan,5.36
102,-927.6756,250.0,-0.020125,47030.937500,0.009940,80,8,3.2316,7.1785,2.0471,5.65
103,-759.5258,250.0,-0.008141,27199.900391,0.015085,10,8,4.1230,6.9972,4.2341,5.43
104,-990.4006,186.8,-0.006248,55800.894531,0.017308,8,11,10.8069,8.1441,6.4238,5.51
105,-761.6194,232.5,-0.009711,14904.988281,0.015766,10,8,9.2635,3.7226,2.1750,5.49
106,-915.8059,250.0,-0.018216,86976.976562,0.015055,24,8,3.7433,9.3290,1.5969,5.66
107,-954.6076,250.0,-0.009931,32339.056641,0.019105,5,8,4.8611,2.9285,1.8749,5.68
108,-568.3770,250.0,-0.004252,5016.701660,0.015284,9,8,2.9728,2.6549,2.1352,5.50
109,-560.3093,224.0,-0.010554,16433.396484,0.017396,6,9,5.9261,3.4726,1.7350,5.74
110,-851.6670,244.6,-0.007061,11900.086914,0.017401,6,8,16.7109,3.2269,1.9793,5.68
111,-768.1438,250.0,-0.007020,14397.299805,0.016158,10,8,5.2423,3.8441,2.3991,5.51
112,-1017.8533,250.0,-0.006262,33717.257812,0.015864,6,8,6.3135,3.5271,2.0618,5.63
113,-492.9401,250.0,-0.004384,5837.257812,0.017094,10,8,3.3824,2.6930,1.9955,5.58
114,-463.7906,229.8,-0.005962,15276.822266,0.016986,8,8,4.7459,3.1791,5.1207,5.64
115,-720.4007,250.0,-0.009913,17541.181641,0.016287,7,8,6.3404,3.9330,3.3556,5.68
116,-804.0651,231.0,-0.007825,6930.996582,0.015939,10,8,10.0431,3.0903,1.6537,5.77
117,-534.6990,223.7,-0.005903,15452.756836,0.015302,7,9,6.8856,3.9959,1.8934,5.44
118,-681.0442,213.1,-0.006856,17163.951172,0.017344,8,10,8.7062,4.0852,1.7112,5.65
119,-861.3737,250.0,-0.006616,29193.029297,0.018763,7,8,4.9607,3.8782,2.0596,5.44
120,-558.4442,250.0,-0.006616,5140.712402,0.016591,7,8,2.8047,3.2982,1.9920,5.47
121,-637.1770,250.0,-0.005791,10568.014648,0.016996,8,8,3.7212,3.8515,nan,5.51
122,-575.9022,250.0,-0.011492,17094.087891,0.015573,21,8,4.8573,3.5281,1.8476,5.67
123,-834.9502,250.0,-0.011170,97664.031250,0.016233,5,8,7.4167,2.9568,2.3187,5.39
124,-851.2179,206.0,-0.007967,13562.782227,0.017480,8,9,28.6039,3.6595,1.8501,5.40
125,-736.7657,250.0,-0.004974,7580.255859,0.015280,7,8,3.6666,3.3497,1.7256,5.60
126,-558.5904,250.0,-0.011849,18043.757812,0.015719,17,8,3.1647,5.2825,1.5226,5.35
127,-655.6976,204.0,-0.005895,7619.288086,0.016677,6,10,6.5896,3.8666,1.9044,5.40
128,-526.6981,223.9,-0.004163,12723.761719,0.015005,5,9,4.9947,4.4531,1.9588,5.35
129,-792.3555,250.0,-0.005362,5967.177734,0.015258,8,8,4.6399,3.3708,1.9949,5.46
130,-620.9669,250.0,-0.006029,23082.636719,0.015876,5,8,6.2236,3.5153,1.7519,5.30
131,-793.1449,243.6,-0.004854,14943.559570,0.017088,8,8,11.5332,4.6099,4.1779,5.49
132,-982.9941,250.0,-0.005354,48809.531250,0.018188,6,8,2.7858,6.0826,8.0391,5.39
133,-548.1254,250.0,-0.006815,8269.122070,0.015341,8,8,5.2493,3.9100,1.7686,5.51
134,-732.6136,204.1,-0.006340,21792.148438,0.016274,7,9,11.7083,4.8838,2.2614,5.46
135,-1055.9245,217.6,-0.005400,36225.160156,0.015381,7,9,11.8961,6.0030,2.3846,5.51
136,-865.3828,250.0,-0.006584,4226.312012,0.015371,9,8,3.4273,2.8216,1.8001,5.69
137,-548.0513,231.9,-0.011787,14109.092773,0.016060,8,9,6.5497,3.1749,1.7925,5.71
138,-608.8857,250.0,-0.004292,11037.642578,0.015144,9,8,2.5671,4.4889,2.4006,5.57
139,-540.3219,226.9,-0.006334,7601.017090,0.018740,7,9,6.8401,3.8549,1.8203,5.50
140,-618.5930,250.0,-0.006643,30341.189453,0.016122,10,8,3.0680,5.0011,1.8650,5.75
141,-792.4190,250.0,-0.006692,15522.037109,0.015966,8,8,4.6137,4.7431,1.8117,5.66
142,-778.6295,250.0,-0.007135,12106.160156,0.016377,6,8,4.8229,3.0188,2.1174,5.94
143,-769.6746,224.7,-0.008156,70601.585938,0.020483,5,9,8.5934,4.5973,2.1615,5.47
144,-970.0238,250.0,-0.009967,32673.669922,0.018144,6,8,6.4689,3.3038,1.6046,5.83
145,-941.4903,219.6,-0.006711,11344.657227,0.015359,7,9,11.5046,2.9819,1.7570,5.61
146,-618.8515,250.0,-0.005569,90789.882812,0.015353,5,8,6.6560,3.2242,2.0908,5.63
147,-1038.1968,250.0,-0.005864,21235.171875,0.015688,9,8,3.9793,5.3766,1.8151,5.58
148,-769.4858,250.0,-0.006971,9980.152344,0.016712,7,8,4.6567,3.9091,1.8070,5.52
149,-803.8692,250.0,-0.004805,17978.505859,0.015493,7,8,3.8243,5.3368,2.2682,5.48
150,-636.0864,250.0,-0.013816,5658.757812,0.015180,23,8,3.2963,3.1285,2.3060,5.80
151,-481.9861,250.0,-0.009419,103904.867188,0.017134,5,8,10.1655,3.0307,2.0156,5.26
152,-1320.6190,250.0,-0.008487,22737.142578,0.017761,6,8,9.9609,3.4017,2.0930,5.68
153,-854.1426,250.0,-0.006853,82668.093750,0.017481,5,8,6.7063,6.8181,1.7026,5.38
154,-1176.6141,250.0,-0.008136,13272.414062,0.016132,7,8,3.6064,6.0668,2.2887,5.40
155,-658.9601,250.0,-0.003508,5945.494141,0.015299,7,8,3.0674,2.9877,1.7948,5.57
156,-683.0958,250.0,-0.007000,21806.917969,0.016151,10,8,3.6049,5.4203,nan,5.60
157,-858.2131,250.0,-0.007841,29311.802734,0.016442,11,8,3.1740,5.8308,2.1033,5.59
158,-780.9760,240.8,-0.008116,24559.822266,0.015247,7,9,7.5816,4.1690,4.3980,5.51
159,-866.8291,221.5,-0.008257,55041.667969,0.018203,6,8,11.4961,6.8194,3.1494,5.39
160,-1030.6228,250.0,-0.008952,36413.320312,0.018139,7,8,5.5784,7.0627,2.0068,5.56
161,-775.4231,222.0,-0.008647,20604.183594,0.017198,7,8,15.7132,3.9745,1.7355,5.79
162,-635.7563,250.0,-0.006152,8178.925781,0.016475,7,8,3.9412,3.4685,1.9837,5.42
163,-650.2278,250.0,-0.007563,12059.676758,0.016242,8,8,5.9060,2.8260,2.1651,5.52
164,-811.6703,237.4,-0.004788,99636.914062,0.016446,6,9,8.3919,7.6974,1.9486,5.51
165,-1323.0785,250.0,-0.003850,62763.363281,0.016660,6,8,5.1171,7.0654,3.4691,5.40
166,-917.7215,250.0,-0.008022,4370.647949,0.018159,8,8,3.7500,3.5642,2.3152,5.59
167,-513.1093,250.0,-0.007331,117024.531250,0.017906,7,8,6.2255,7.8163,2.0962,5.37
168,-1230.8123,250.0,-0.008575,49513.136719,0.019821,6,8,6.2734,4.2124,3.1649,5.46
169,-677.3288,226.2,-0.005689,12594.579102,0.015998,10,9,5.2934,4.0013,2.1190,5.46
170,-600.3464,250.0,-0.018399,9258.417969,0.015063,37,8,2.9604,4.1830,2.0293,5.84
171,-696.4717,228.8,-0.012690,26479.964844,0.016225,12,8,7.8779,4.0252,5.4666,5.68
172,-770.3744,250.0,-0.008964,29325.427734,0.017054,8,8,4.8019,7.8564,4.5755,5.58
173,-1186.3504,250.0,-0.005956,32948.761719,0.015728,8,8,4.8468,6.5539,3.3724,5.49
174,-564.6451,227.7,-0.006723,34495.710938,0.016804,7,9,7.0329,6.2504,2.2943,5.68
175,-1001.9379,250.0,-0.006261,14102.299805,0.015402,9,8,2.6056,6.0276,2.0714,5.58
176,-531.6416,250.0,-0.005070,9727.960938,0.015740,8,8,3.6390,3.0573,1.9474,5.58
177,-630.0612,250.0,-0.011027,6628.689453,0.015730,15,8,2.9650,3.4468,2.8385,5.67
178,-504.7356,250.0,-0.006425,40170.316406,0.016902,6,8,7.2916,3.4501,2.5645,5.70
179,-894.5634,228.0,-0.007034,11010.214844,0.015859,7,9,9.7524,2.9846,nan,5.48
180,-618.5098,250.0,-0.007457,9163.738281,0.015942,11,8,4.3176,3.1666,2.2612,5.49
181,-615.7109,250.0,-0.003370,12136.595703,0.015267,9,8,4.1754,2.2896,2.4753,5.41
182,-607.2731,250.0,-0.010099,6202.512695,0.015098,22,8,2.8789,1.8346,3.1968,5.43
183,-453.0144,250.0,-0.007444,9266.381836,0.015653,11,8,2.5204,3.4505,2.3970,5.48
184,-697.0957,250.0,-0.017063,15586.929688,0.015065,63,8,2.6369,4.3961,3.9486,5.67
185,-786.8154,250.0,-0.011801,12115.043945,0.015108,24,8,2.7911,4.6382,5.1786,5.50
186,-793.0067,250.0,-0.011582,12898.582031,0.015029,16,8,3.2232,4.4289,1.5681,5.39
187,-785.2807,250.0,-0.024922,14737.836914,0.015095,78,8,3.8246,5.2042,2.3030,5.64
188,-777.0013,250.0,-0.017636,11911.356445,0.015319,25,8,2.5677,5.0391,3.7286,5.44
189,-600.8735,223.8,-0.024986,66628.515625,0.011817,80,9,4.3105,7.4597,1.3296,5.92
190,-913.2022,250.0,-0.013002,7937.141113,0.015349,18,8,3.6978,4.6905,3.8372,5.41
191,-573.1164,224.7,-0.007520,19334.431641,0.015542,10,9,7.0096,3.9674,2.5839,5.40
192,-1086.4460,250.0,-0.006277,39970.003906,0.016778,7,8,5.1978,7.9863,2.1227,5.38
193,-912.1887,250.0,-0.009033,38129.554688,0.016331,6,8,6.6584,6.3138,nan,5.43
194,-891.6767,233.4,-0.005040,13603.137695,0.015440,5,8,12.5847,4.3381,nan,5.75
195,-769.6119,250.0,-0.005853,15189.685547,0.016678,6,8,4.6865,2.6367,1.2278,5.56
196,-632.6349,224.7,-0.010481,40765.265625,0.017556,6,9,14.2045,4.6833,2.4421,5.62
197,-1340.4479,250.0,-0.008398,53600.457031,0.016254,5,8,7.6769,4.8585,3.0670,5.44
198,-662.5823,250.0,-0.007032,10136.278320,0.015173,9,8,4.1658,2.5790,2.6611,5.30
199,-558.9621,250.0,-0.016695,41217.199219,0.016037,14,8,6.1495,2.7101,2.0168,5.57
200,-895.7699,242.9,-0.006961,19266.144531,0.016224,6,8,7.6165,4.6570,2.0644,5.51
201,-1103.1545,250.0,-0.003650,81190.414062,0.018096,5,8,4.7555,7.6713,4.6729,5.38
202,-931.0578,250.0,-0.009313,26016.824219,0.017658,6,8,7.1656,4.0655,2.4108,5.34
203,-710.4427,224.0,-0.005722,8619.622070,0.017401,8,9,4.9881,3.2939,1.9355,5.75
204,-562.2749,210.2,-0.006796,24122.181641,0.016569,5,10,11.1970,4.3528,1.8323,5.72
205,-736.9192,250.0,-0.023361,7159.316895,0.015008,61,8,3.0407,3.2249,3.6488,5.80
206,-610.8372,250.0,-0.007092,7941.899902,0.015580,9,8,3.3246,2.9733,3.1011,5.73
207,-507.0514,250.0,-0.009187,7156.829102,0.015723,10,8,2.9535,3.0870,2.6703,5.68
208,-506.7762,250.0,-0.006425,15453.274414,0.016333,10,8,2.8430,4.0708,2.7752,5.96
209,-737.9617,250.0,-0.006901,18338.078125,0.015687,5,8,4.2702,4.5252,1.9211,5.83
210,-700.1264,250.0,-0.006924,8059.100098,0.016136,9,8,3.6753,3.5233,2.2153,5.56
211,-691.0899,206.3,-0.005408,39718.683594,0.015489,8,11,33.8910,3.1940,3.5184,5.52
212,-743.8944,250.0,-0.008177,6356.450684,0.015842,11,8,3.3902,3.0195,2.5248,5.73
213,-745.6620,250.0,-0.008803,62659.148438,0.018853,7,8,3.3113,7.4426,2.1934,5.29
214,-682.5331,230.1,-0.007594,10438.447266,0.016694,7,9,12.1053,2.6570,1.6494,5.67
215,-527.9636,207.2,-0.005590,15666.321289,0.017049,6,9,6.8190,4.6197,1.8945,5.64
216,-373.3909,221.6,-0.007297,12370.890625,0.020661,6,8,5.5246,2.7513,1.9181,5.44
217,-679.6869,250.0,-0.025327,72683.656250,0.009860,80,8,4.1501,9.1437,1.5394,5.77
218,-919.0907,224.9,-0.009585,8959.858398,0.016093,8,9,6.9695,4.9380,2.5181,5.33
219,-912.4548,206.3,-0.011070,70343.257812,0.016521,8,10,15.9175,4.1023,2.3533,5.34
220,-737.9120,226.1,-0.006973,85384.531250,0.016644,5,9,13.1338,4.7447,2.8800,5.72
221,-1316.3704,250.0,-0.004744,20313.683594,0.015414,6,8,6.2408,2.7034,2.3624,5.46
222,-738.3520,250.0,-0.016710,17487.263672,0.015028,34,8,4.0710,4.6996,3.5085,5.53
223,-824.7050,250.0,-0.008360,16783.429688,0.015592,10,8,4.5136,3.0977,4.2599,5.45
224,-410.7463,250.0,-0.008190,10817.272461,0.015646,9,8,3.1323,3.2044,1.8781,5.49
225,-649.1102,250.0,-0.006868,9301.309570,0.018603,8,8,3.9438,3.6722,2.7266,5.45
226,-728.5255,250.0,-0.008910,17762.974609,0.015272,10,8,5.4434,4.0793,3.9212,5.34
227,-659.6532,250.0,-0.007971,9139.749023,0.016524,6,8,4.2424,3.6793,2.6127,5.30
228,-778.3214,250.0,-0.006989,12528.634766,0.017332,6,8,4.5095,4.7887,2.7082,5.49
229,-581.9060,250.0,-0.015781,7001.069824,0.015022,36,8,3.8100,3.1045,2.2740,5.64
230,-542.5076,224.9,-0.010738,55037.609375,0.018374,7,9,18.8516,3.6776,2.9649,5.41
231,-992.7612,231.9,-0.009018,29462.964844,0.015134,7,9,10.9580,2.8303,2.0157,5.44
232,-407.3912,250.0,-0.008087,53635.191406,0.016500,6,8,6.3105,3.6089,1.8909,5.41
233,-1110.1002,250.0,-0.007552,20430.765625,0.015528,8,8,5.9615,4.5307,nan,5.32
234,-778.7382,250.0,-0.005726,7454.549316,0.015610,7,8,4.1723,2.7908,2.4918,5.59
235,-457.2106,224.6,-0.005428,8853.680664,0.016974,7,9,5.6302,2.9126,2.4669,5.50
236,-585.9801,250.0,-0.007397,7973.581055,0.015712,9,8,3.4008,3.3984,2.9442,5.58
237,-597.0990,250.0,-0.004593,6852.192383,0.015751,10,8,3.2697,2.8371,2.6719,5.55
238,-633.6899,223.8,-0.009211,32637.660156,0.015610,9,9,5.6139,6.0988,nan,5.71
239,-889.2832,250.0,-0.008451,12099.959961,0.015055,10,8,3.4371,4.8506,nan,5.63
240,-777.1814,250.0,-0.008004,7854.595215,0.015895,9,8,3.1890,3.8910,2.9550,5.82
241,-471.6601,250.0,-0.009422,10292.643555,0.015105,11,8,2.1377,3.3937,2.2893,5.79
242,-617.9724,250.0,-0.006989,10102.714844,0.016275,11,8,2.0810,3.8025,1.8447,5.68
243,-580.0673,250.0,-0.007423,7032.548340,0.015379,10,8,2.9404,3.2648,2.3824,5.75
244,-727.7592,250.0,-0.006523,14053.231445,0.017064,8,8,4.7365,3.3762,3.1167,5.41
245,-614.0734,250.0,-0.005667,8483.553711,0.017596,8,8,2.9397,3.8135,4.2244,5.45
246,-542.3447,250.0,-0.012467,8616.666992,0.015030,18,8,2.9583,2.4951,2.4339,5.68
247,-547.0335,229.8,-0.009356,17091.488281,0.017455,9,9,6.3987,4.4232,2.0865,5.62
248,-933.8896,202.6,-0.028442,13582.848633,0.015025,51,9,26.0314,4.6412,2.2408,5.63
249,-502.6647,250.0,-0.013831,9169.356445,0.015121,19,8,3.0066,3.8868,2.1655,5.40
250,-752.1081,250.0,-0.004315,9796.278320,0.016100,7,8,4.0998,3.9247,2.6881,5.43
251,-592.0110,250.0,-0.006779,5996.586914,0.015950,9,8,3.6705,2.9903,2.9564,5.66
252,-578.4150,250.0,-0.005235,12528.632812,0.015742,6,8,4.0808,2.4623,2.0677,5.56
253,-633.1799,224.4,-0.007872,24575.972656,0.015703,6,9,8.5666,4.0854,1.7773,5.33
254,-1102.3862,223.8,-0.007404,62005.031250,0.019971,6,9,8.0704,4.4546,1.5190,5.38
255,-622.8624,228.7,-0.007708,11851.321289,0.016308,6,9,6.6545,3.7153,2.4375,5.32
256,-591.5533,250.0,-0.005754,8859.719727,0.017145,7,8,2.1980,4.0612,2.9986,5.29
257,-620.8785,250.0,-0.004227,10157.613281,0.017041,6,8,3.6901,4.5111,2.6310,5.41
258,-612.6811,203.7,-0.006885,9181.680664,0.016021,7,10,8.7926,3.2503,3.1324,5.42
259,-637.5808,250.0,-0.008205,13914.621094,0.018824,6,8,4.5536,4.2274,2.4371,5.71
260,-861.1448,250.0,-0.009800,9460.527344,0.017469,8,8,3.8788,4.7715,2.2286,5.47
261,-729.6179,250.0,-0.007409,29999.119141,0.016522,5,8,6.7265,3.7329,2.5739,5.30
262,-985.7877,250.0,-0.006037,14998.598633,0.015287,7,8,7.6791,3.2903,2.4143,5.31
263,-900.5757,250.0,-0.006686,34605.480469,0.017450,6,8,6.6307,2.9450,2.8128,5.46
264,-776.6831,250.0,-0.010964,31073.140625,0.018297,6,8,5.4905,3.8681,2.2433,5.61
265,-840.2305,250.0,-0.008691,42359.453125,0.016289,5,8,4.2758,6.0456,2.8214,5.38
266,-1091.0989,250.0,-0.003743,25937.412109,0.018339,6,8,6.4573,5.7762,1.8016,5.44
267,-830.6131,250.0,-0.004931,38818.320312,0.015646,6,8,4.5952,6.9899,1.7641,5.61
268,-640.0952,250.0,-0.007324,12960.881836,0.018354,5,8,4.4694,2.6376,2.6969,5.68
269,-694.6300,250.0,-0.007978,8268.166992,0.016551,7,8,4.8015,2.8034,2.6674,5.78
270,-627.9670,250.0,-0.006111,10153.668945,0.016172,7,8,3.9990,2.5583,3.0770,5.81
271,-655.1701,250.0,-0.013966,7734.393066,0.015181,31,8,3.2330,3.5910,4.8048,5.67
272,-489.0976,250.0,-0.010881,50437.898438,0.015203,6,8,6.9107,3.6120,1.9131,5.55
273,-1080.3838,226.7,-0.012462,32202.976562,0.018572,7,9,37.7243,2.7858,1.8682,5.89
274,-621.8407,250.0,-0.005861,18914.285156,0.016709,6,8,6.2726,2.4487,2.6107,5.79
275,-653.2282,250.0,-0.004729,11596.636719,0.015748,6,8,5.4477,2.1266,2.3873,5.58
276,-548.5784,250.0,-0.006873,11752.858398,0.015690,6,8,3.3836,3.9170,2.0067,5.48
277,-831.5503,224.7,-0.007073,58792.480469,0.015182,11,9,10.2290,6.7138,2.6497,5.68
278,-675.4210,250.0,-0.007402,27484.419922,0.015201,7,8,4.1628,5.5401,2.7746,5.50
279,-981.3814,250.0,-0.005806,9111.347656,0.017830,7,8,3.9719,4.4626,4.9170,5.75
280,-598.1406,250.0,-0.007281,19721.462891,0.016686,8,8,5.9315,1.7909,1.7641,5.66
281,-823.1143,250.0,-0.007979,20229.507812,0.016850,9,8,6.3612,2.7393,1.5977,5.54
282,-620.7057,250.0,-0.007182,21111.451172,0.015309,7,8,4.9898,4.1018,2.4863,5.60
283,-855.9258,224.8,-0.008734,10531.905273,0.015895,11,9,8.2866,4.0379,4.8802,5.68
284,-547.5081,250.0,-0.004350,7280.980469,0.015089,7,8,3.7444,3.5039,2.1086,5.39
285,-698.5579,227.2,-0.007264,11389.485352,0.016585,6,9,8.3816,3.3721,1.9934,5.67
286,-588.8857,239.4,-0.009058,20891.576172,0.018492,5,8,7.9635,3.1039,2.1253,5.48
287,-811.4595,228.8,-0.008919,26062.888672,0.018913,6,9,17.5767,3.5488,4.9472,5.29
288,-830.8529,250.0,-0.006612,11643.105469,0.020140,6,8,4.8007,3.4883,4.1988,5.43
289,-839.8837,224.0,-0.008570,33301.253906,0.015123,8,9,8.5487,4.6157,7.9403,5.51
290,-1098.2404,250.0,-0.004791,50840.050781,0.015002,6,8,5.9638,5.7971,2.2546,5.70
291,-493.4767,230.7,-0.009767,8858.551758,0.017198,10,9,5.6134,3.3648,2.2670,5.54
292,-626.4560,250.0,-0.008583,8588.970703,0.015581,11,8,4.2844,3.8428,nan,5.38
293,-730.2786,250.0,-0.005669,6506.799805,0.015656,9,8,5.1317,2.9110,2.0892,5.55
294,-586.4003,250.0,-0.004744,8401.931641,0.015619,8,8,4.9305,2.3057,1.9280,5.30
295,-678.0864,250.0,-0.015629,17562.089844,0.015078,35,8,3.6636,3.9354,4.0376,5.82
296,-510.8390,227.1,-0.007568,10923.697266,0.017532,7,9,21.9329,2.8393,2.0525,5.34
297,-595.3252,250.0,-0.007093,10285.731445,0.017551,6,8,4.6776,2.6887,nan,5.54
298,-552.7157,250.0,-0.008885,10329.237305,0.019478,6,8,3.9892,2.6320,1.7342,5.57
299,-613.7164,224.8,-0.006729,6708.752930,0.015038,9,9,9.8856,3.7529,nan,5.41
300,-492.1841,226.8,-0.010709,8988.723633,0.015361,9,9,16.0621,2.9617,2.6975,5.52
301,-490.4149,250.0,-0.008971,50742.214844,0.016348,6,8,5.7948,6.1171,2.6353,5.39
302,-1228.5166,250.0,-0.009853,51134.812500,0.019236,5,8,6.0025,7.6124,2.3362,5.71
303,-629.6018,250.0,-0.003968,13313.864258,0.016552,7,8,4.0424,3.2402,2.2612,5.69
304,-609.1763,250.0,-0.015195,15845.333984,0.015313,26,8,2.7001,3.8752,6.2355,5.71
305,-784.1462,250.0,-0.008109,13647.009766,0.015678,13,8,4.3571,4.1995,4.0187,5.66
306,-521.1686,250.0,-0.011696,8456.740234,0.015524,15,8,3.6572,2.4703,1.5343,5.66
307,-654.2480,250.0,-0.012329,15659.032227,0.016484,10,8,7.5474,2.4726,2.7476,5.59
308,-894.8635,249.5,-0.005917,35886.890625,0.015394,7,8,7.8581,2.6015,1.7539,5.70
309,-803.1124,250.0,-0.015900,51271.113281,0.015249,21,8,4.1162,6.7114,1.8547,5.62
310,-839.1254,250.0,-0.013893,34713.695312,0.015178,27,8,2.2681,6.5809,2.6389,5.65
311,-514.3892,224.9,-0.009585,34087.222656,0.016879,8,9,9.1948,5.6643,3.8374,5.37
312,-1392.9712,247.9,-0.008373,91885.882812,0.018259,7,8,18.1378,5.6929,3.2291,5.34
313,-648.7134,250.0,-0.011084,6257.405762,0.015789,18,8,4.0411,2.7883,2.2445,5.67
314,-511.8314,225.4,-0.007320,9285.711914,0.015561,12,9,7.0244,2.5839,1.8061,5.58
315,-505.4193,250.0,-0.008080,18772.695312,0.015200,6,8,5.1158,3.1139,2.1813,5.38
316,-932.2321,250.0,-0.008175,46771.828125,0.015546,4,8,5.6711,4.5380,1.8802,5.44
317,-665.6761,223.9,-0.005784,18702.992188,0.016591,8,9,5.7245,5.4633,2.3895,5.44
318,-838.6891,250.0,-0.007181,29284.062500,0.016552,8,8,3.8861,5.5570,3.5060,5.57
319,-683.6729,230.8,-0.008627,9623.352539,0.015309,8,9,8.7038,3.1691,1.8316,5.25
320,-652.0055,224.9,-0.005735,20476.314453,0.015196,6,9,10.1748,3.1773,6.1746,5.70
321,-518.4205,250.0,-0.006207,16704.617188,0.015402,6,8,5.5622,3.2497,1.5721,5.38
322,-1323.9754,250.0,-0.007527,78056.250000,0.015796,4,8,8.3014,4.9708,nan,5.47
323,-810.6402,250.0,-0.007340,10089.841797,0.018220,8,8,4.9660,4.3203,1.6643,5.32
324,-582.1992,250.0,-0.005206,8096.348145,0.015410,6,8,3.2271,3.6361,1.4522,5.52
325,-532.2975,250.0,-0.009822,14365.278320,0.016884,6,8,3.9679,3.3493,nan,5.50
326,-656.6334,238.8,-0.012825,11828.216797,0.016901,9,8,4.8374,3.9428,nan,5.53
327,-714.0603,250.0,-0.008976,10913.446289,0.015607,12,8,4.2043,2.8232,1.8183,5.60
328,-590.0307,250.0,-0.007277,11714.121094,0.015330,6,8,4.5685,2.6114,1.7220,5.25
329,-743.2649,250.0,-0.006490,30242.443359,0.016601,6,8,7.1127,3.2797,4.9795,5.42
330,-976.9819,222.9,-0.007134,52682.562500,0.016908,6,9,9.2719,4.3755,2.8310,5.38
331,-783.0845,223.9,-0.005684,16851.029297,0.017073,6,9,5.1448,5.0815,nan,5.46
332,-481.5013,223.8,-0.006531,7837.830078,0.016280,10,9,5.5154,2.8255,2.2591,5.55
333,-507.4001,203.7,-0.009667,8857.646484,0.016117,7,10,15.2404,2.5138,2.8073,5.33
334,-900.7704,250.0,-0.006868,41643.277344,0.016789,5,8,6.9386,2.2838,2.0323,5.56
335,-643.6916,250.0,-0.009056,17732.654297,0.017055,5,8,4.2298,2.5592,1.9324,5.69
336,-552.6064,250.0,-0.009845,7401.568359,0.015876,13,8,3.3225,2.7027,2.3235,5.65
337,-602.8103,226.8,-0.005752,6280.533691,0.015523,7,9,6.7041,2.6663,2.6300,5.52
338,-704.3050,250.0,-0.004841,19560.251953,0.015069,5,8,5.7140,3.4200,1.9051,5.59
339,-762.7683,224.4,-0.012413,40888.425781,0.020964,5,9,7.4215,2.5831,1.8011,5.50
340,-440.2530,224.2,-0.005334,13841.211914,0.016764,6,8,5.4387,2.7200,1.8338,5.51
341,-783.7906,250.0,-0.005980,11335.958984,0.015403,12,8,3.6000,4.4876,nan,5.59
342,-589.9647,250.0,-0.008375,14435.486328,0.015175,10,8,2.6593,4.2903,2.0141,5.54
343,-811.9782,250.0,-0.007465,12901.664062,0.015526,10,8,3.9642,4.3407,4.2782,5.49
344,-387.3066,250.0,-0.007027,8289.288086,0.015448,14,8,2.5103,2.7958,1.4763,5.55
345,-1060.1815,249.2,-0.007807,87361.421875,0.016928,6,9,10.1258,3.8038,7.9420,5.39
346,-459.9946,250.0,-0.008079,10200.220703,0.015811,11,8,3.4592,2.8163,1.7849,5.64
347,-714.8972,250.0,-0.013174,14209.039062,0.015156,23,8,3.5765,4.2583,2.0372,5.47
348,-605.0499,250.0,-0.008467,6599.059082,0.016149,11,8,4.1748,3.3149,2.0617,5.46
349,-856.0593,250.0,-0.008656,50721.058594,0.017688,4,8,6.0888,3.2525,1.8777,5.61
350,-463.6808,250.0,-0.007092,7130.389648,0.015637,11,8,2.6481,2.3238,2.0714,5.71
